Archive member included because of file (symbol)

C:\fehqt\Proteus/EWL/lib/armv7e-m\libc.a(sprintf.o)
                              Libraries\FEHLCD.o (sprintf)
C:\fehqt\Proteus/EWL/lib/armv7e-m\libc.a(vsnprintf.o)
                              C:\fehqt\Proteus/EWL/lib/armv7e-m\libc.a(sprintf.o) (vsnprintf)
C:\fehqt\Proteus/EWL/lib/armv7e-m\libc.a(vsscanf.o)
                              Libraries\FEHSD.o (vsscanf)
C:\fehqt\Proteus/EWL/lib/armv7e-m\libc.a(exit.o)
                              Startup\__arm_start.o (exit)
C:\fehqt\Proteus/EWL/lib/armv7e-m\libc.a(memcpy.o)
                              C:\fehqt\Proteus/EWL/lib/armv7e-m\libc.a(vsnprintf.o) (memcpy)
C:\fehqt\Proteus/EWL/lib/armv7e-m\libc.a(memset.o)
                              Startup\__arm_start.o (memset)
C:\fehqt\Proteus/EWL/lib/armv7e-m\libc.a(strcmp.o)
                              Libraries\FEHLCD.o (strcmp)
C:\fehqt\Proteus/EWL/lib/armv7e-m\libc.a(strcpy.o)
                              Libraries\FEHLCD.o (strcpy)
C:\fehqt\Proteus/EWL/lib/armv7e-m\libc.a(strlen.o)
                              Libraries\FEHLCD.o (strlen)
C:\fehqt\Proteus/EWL/lib/armv7e-m\libc.a(printformat_.o)
                              (__pformatter_)
C:\fehqt\Proteus/EWL/lib/armv7e-m\libc.a(scanformat_.o)
                              (__sformatter)
C:\fehqt\Proteus/EWL/lib/armv7e-m\libc.a(ctype_aeabi.o)
                              C:\fehqt\Proteus/EWL/lib/armv7e-m\libc.a(scanformat_.o) (isspace)
C:\fehqt\Proteus/EWL/lib/armv7e-m\libc.a(__strtoul.o)
                              C:\fehqt\Proteus/EWL/lib/armv7e-m\libc.a(scanformat_.o) (__strtoul)
C:\fehqt\Proteus/EWL/lib/armv7e-m\libc.a(__filll_mem.o)
                              C:\fehqt\Proteus/EWL/lib/armv7e-m\libc.a(memset.o) (__fill_mem)
C:\fehqt\Proteus/EWL/lib/armv7e-m\libc.a(memchr.o)
                              C:\fehqt\Proteus/EWL/lib/armv7e-m\libc.a(printformat_.o) (memchr)
C:\fehqt\Proteus/EWL/lib/armv7e-m\libc.a(strchr.o)
                              C:\fehqt\Proteus/EWL/lib/armv7e-m\libc.a(printformat_.o) (strchr)
c:/fehqt/proteus/gcc/bin/../lib/gcc/arm-none-eabi/4.6.2/armv7e-m\libgcc.a(_arm_addsubdf3.o)
                              Libraries\FEHLCD.o (__aeabi_dsub)
c:/fehqt/proteus/gcc/bin/../lib/gcc/arm-none-eabi/4.6.2/armv7e-m\libgcc.a(_arm_muldivdf3.o)
                              ..\main.o (__aeabi_dmul)
c:/fehqt/proteus/gcc/bin/../lib/gcc/arm-none-eabi/4.6.2/armv7e-m\libgcc.a(_arm_cmpdf2.o)
                              ..\main.o (__aeabi_dcmplt)
c:/fehqt/proteus/gcc/bin/../lib/gcc/arm-none-eabi/4.6.2/armv7e-m\libgcc.a(_arm_fixdfsi.o)
                              ..\main.o (__aeabi_d2iz)
c:/fehqt/proteus/gcc/bin/../lib/gcc/arm-none-eabi/4.6.2/armv7e-m\libgcc.a(_arm_fixunsdfsi.o)
                              Libraries\FEHUtility.o (__aeabi_d2uiz)
c:/fehqt/proteus/gcc/bin/../lib/gcc/arm-none-eabi/4.6.2/armv7e-m\libgcc.a(_arm_truncdfsf2.o)
                              ..\main.o (__aeabi_d2f)
c:/fehqt/proteus/gcc/bin/../lib/gcc/arm-none-eabi/4.6.2/armv7e-m\libgcc.a(_arm_addsubsf3.o)
                              ..\main.o (__aeabi_fsub)
c:/fehqt/proteus/gcc/bin/../lib/gcc/arm-none-eabi/4.6.2/armv7e-m\libgcc.a(_arm_muldivsf3.o)
                              ..\main.o (__aeabi_fmul)
c:/fehqt/proteus/gcc/bin/../lib/gcc/arm-none-eabi/4.6.2/armv7e-m\libgcc.a(_arm_cmpsf2.o)
                              Libraries\FEHServo.o (__aeabi_fcmpeq)
c:/fehqt/proteus/gcc/bin/../lib/gcc/arm-none-eabi/4.6.2/armv7e-m\libgcc.a(_arm_fixsfsi.o)
                              ..\main.o (__aeabi_f2iz)
c:/fehqt/proteus/gcc/bin/../lib/gcc/arm-none-eabi/4.6.2/armv7e-m\libgcc.a(_arm_fixunssfsi.o)
                              Drivers\mcg.o (__aeabi_f2uiz)
C:\fehqt\Proteus/EWL/lib/armv7e-m\librt.a(gcc_ctor_dtor.o)
                              Startup\__arm_start.o (__init_cpp)
C:\fehqt\Proteus/EWL/lib/armv7e-m\librt.a(ROMCopy.o)
                              Startup\__arm_start.o (__copy_rom_sections_to_ram)
C:\fehqt\Proteus/EWL/lib/armv7e-m\librt.a(__arm_eabi_init.o)
                              C:\fehqt\Proteus/EWL/lib/armv7e-m\libc.a(exit.o) (__destroy_global_chain)
C:\fehqt\Proteus/EWL/lib/armv7e-m\librt.a(New.o)
                              Libraries\FEHIO.o (operator new(unsigned int))
c:/fehqt/proteus/gcc/bin/../lib/gcc/arm-none-eabi/4.6.2/../../../../arm-none-eabi/lib/armv7e-m\libsupc++.a(class_type_info.o)
                              C:\fehqt\Proteus/EWL/lib/armv7e-m\librt.a(New.o) (vtable for __cxxabiv1::__class_type_info)
c:/fehqt/proteus/gcc/bin/../lib/gcc/arm-none-eabi/4.6.2/../../../../arm-none-eabi/lib/armv7e-m\libsupc++.a(eh_alloc.o)
                              C:\fehqt\Proteus/EWL/lib/armv7e-m\librt.a(New.o) (__cxa_allocate_exception)
c:/fehqt/proteus/gcc/bin/../lib/gcc/arm-none-eabi/4.6.2/../../../../arm-none-eabi/lib/armv7e-m\libsupc++.a(eh_arm.o)
                              C:\fehqt\Proteus/EWL/lib/armv7e-m\librt.a(New.o) (__cxa_end_cleanup)
[...]
Memory Configuration

Name             Origin             Length             Attributes
m_interrupts     0x0000c000         0x00000400         xr
m_cfmprotrom     0x0000c400         0x00000010         xr
m_text           0x0000c410         0x00073bf0         xr
m_data           0x1fff0400         0x0000fc00         xrw
m_data2          0x20000000         0x00010000         xrw
*default*        0x00000000         0xffffffff

Linker script and memory map

LOAD ..\main.o
LOAD Startup\__arm_start.o
LOAD Startup\__arm_end.o
LOAD Startup\kinetis_sysinit.o
LOAD Libraries\FEHMotor.o
LOAD Drivers\mcg.o
LOAD Drivers\i2c.o
LOAD Drivers\spi.o
LOAD Drivers\uart.o
LOAD Drivers\ff.o
LOAD Drivers\SDHC.o
LOAD Drivers\lptmr.o
LOAD FEHProteus.o
LOAD Drivers\FEHPropeller.o
LOAD Libraries\FEHUtility.o
LOAD Libraries\FEHIO.o
LOAD Drivers\adc16.o
LOAD Libraries\FEHBuzzer.o
LOAD Libraries\FEHServo.o
LOAD Libraries\FEHLCD.o
LOAD Libraries\FEHAccel.o
LOAD Libraries\FEHBattery.o
LOAD Drivers\FEHXBee.o
LOAD Libraries\FEHRPS.o
LOAD Libraries\FEHSD.o
                0x00016e5c                __pformatter = __pformatter_
                [0x00017254]                __sformatter = __sformatter
LOAD C:\fehqt\Proteus/EWL/lib/armv7e-m\libstdc++.a
LOAD C:\fehqt\Proteus/EWL/lib/armv7e-m\libm.a
START GROUP
LOAD C:\fehqt\Proteus/EWL/lib/armv7e-m\libc.a
LOAD C:\fehqt\Proteus/EWL/lib/armv7e-m\libc++.a
LOAD C:\fehqt\Proteus/EWL/lib/armv7e-m\libm.a
LOAD c:/fehqt/proteus/gcc/bin/../lib/gcc/arm-none-eabi/4.6.2/armv7e-m\libgcc.a
LOAD C:\fehqt\Proteus/EWL/lib/armv7e-m\librt.a
LOAD c:/fehqt/proteus/gcc/bin/../lib/gcc/arm-none-eabi/4.6.2/../../../../arm-none-eabi/lib/armv7e-m\libsupc++.a
END GROUP
                0x20000000                _estack = 0x20000000
                0x20000000                __SP_INIT = _estack
                0x00000800                __heap_size = 0x800
                0x00000800                __stack_size = 0x800

.interrupts     0x0000c000      0x1e0
                0x0000c000                __vector_table = .
                0x0000c000                . = ALIGN (0x4)
 *(.vectortable)
 .vectortable   0x0000c000      0x1e0 Startup\kinetis_sysinit.o
                0x0000c1e0                . = ALIGN (0x4)

.cfmprotect     0x0000c400        0x0
                0x0000c400                . = ALIGN (0x4)
 *(.cfmconfig)
                0x0000c400                . = ALIGN (0x4)

.text           0x0000c410     0xc184
                0x0000c410                . = ALIGN (0x4)
 *(.text)
 .text          0x0000c410      0x370 c:/fehqt/proteus/gcc/bin/../lib/gcc/arm-none-eabi/4.6.2/armv7e-m\libgcc.a(_arm_addsubdf3.o)
                0x0000c410                __aeabi_drsub
                0x0000c418                __aeabi_dsub
                0x0000c418                __subdf3
                0x0000c41c                __aeabi_dadd
                0x0000c41c                __adddf3
                0x0000c694                __floatunsidf
                0x0000c694                __aeabi_ui2d
                0x0000c6b4                __floatsidf
                0x0000c6b4                __aeabi_i2d
                0x0000c6d8                __aeabi_f2d
                0x0000c6d8                __extendsfdf2
                0x0000c714                __floatundidf
                0x0000c714                __aeabi_ul2d
                0x0000c724                __floatdidf
                0x0000c724                __aeabi_l2d
 .text          0x0000c780      0x424 c:/fehqt/proteus/gcc/bin/../lib/gcc/arm-none-eabi/4.6.2/armv7e-m\libgcc.a(_arm_muldivdf3.o)
                0x0000c780                __aeabi_dmul
                0x0000c780                __muldf3
                0x0000c9d4                __divdf3
                0x0000c9d4                __aeabi_ddiv
 .text          0x0000cba4      0x110 c:/fehqt/proteus/gcc/bin/../lib/gcc/arm-none-eabi/4.6.2/armv7e-m\libgcc.a(_arm_cmpdf2.o)
                0x0000cba4                __gtdf2
                0x0000cba4                __gedf2
                0x0000cbac                __ltdf2
                0x0000cbac                __ledf2
                0x0000cbb4                __nedf2
                0x0000cbb4                __eqdf2
                0x0000cbb4                __cmpdf2
                0x0000cc30                __aeabi_cdrcmple
                0x0000cc40                __aeabi_cdcmpeq
                0x0000cc40                __aeabi_cdcmple
                0x0000cc50                __aeabi_dcmpeq
                0x0000cc64                __aeabi_dcmplt
                0x0000cc78                __aeabi_dcmple
                0x0000cc8c                __aeabi_dcmpge
                0x0000cca0                __aeabi_dcmpgt
 .text          0x0000ccb4       0x50 c:/fehqt/proteus/gcc/bin/../lib/gcc/arm-none-eabi/4.6.2/armv7e-m\libgcc.a(_arm_fixdfsi.o)
                0x0000ccb4                __aeabi_d2iz
                0x0000ccb4                __fixdfsi
 .text          0x0000cd04       0x40 c:/fehqt/proteus/gcc/bin/../lib/gcc/arm-none-eabi/4.6.2/armv7e-m\libgcc.a(_arm_fixunsdfsi.o)
                0x0000cd04                __aeabi_d2uiz
                0x0000cd04                __fixunsdfsi
 .text          0x0000cd44       0xa0 c:/fehqt/proteus/gcc/bin/../lib/gcc/arm-none-eabi/4.6.2/armv7e-m\libgcc.a(_arm_truncdfsf2.o)
                0x0000cd44                __truncdfsf2
                0x0000cd44                __aeabi_d2f
 .text          0x0000cde4      0x21c c:/fehqt/proteus/gcc/bin/../lib/gcc/arm-none-eabi/4.6.2/armv7e-m\libgcc.a(_arm_addsubsf3.o)
                0x0000cde4                __aeabi_frsub
                0x0000cdec                __subsf3
                0x0000cdec                __aeabi_fsub
                0x0000cdf0                __aeabi_fadd
                0x0000cdf0                __addsf3
                0x0000cf50                __aeabi_ui2f
                0x0000cf50                __floatunsisf
                0x0000cf58                __aeabi_i2f
                0x0000cf58                __floatsisf
                0x0000cf74                __aeabi_ul2f
                0x0000cf74                __floatundisf
                0x0000cf84                __aeabi_l2f
                0x0000cf84                __floatdisf
 .text          0x0000d000      0x2a0 c:/fehqt/proteus/gcc/bin/../lib/gcc/arm-none-eabi/4.6.2/armv7e-m\libgcc.a(_arm_muldivsf3.o)
                0x0000d000                __mulsf3
                0x0000d000                __aeabi_fmul
                0x0000d168                __aeabi_fdiv
                0x0000d168                __divsf3
 .text          0x0000d2a0       0xec c:/fehqt/proteus/gcc/bin/../lib/gcc/arm-none-eabi/4.6.2/armv7e-m\libgcc.a(_arm_cmpsf2.o)
                0x0000d2a0                __gesf2
                0x0000d2a0                __gtsf2
                0x0000d2a8                __lesf2
                0x0000d2a8                __ltsf2
                0x0000d2b0                __nesf2
                0x0000d2b0                __eqsf2
                0x0000d2b0                __cmpsf2
                0x0000d310                __aeabi_cfrcmple
                0x0000d318                __aeabi_cfcmpeq
                0x0000d318                __aeabi_cfcmple
                0x0000d328                __aeabi_fcmpeq
                0x0000d33c                __aeabi_fcmplt
                0x0000d350                __aeabi_fcmple
                0x0000d364                __aeabi_fcmpge
                0x0000d378                __aeabi_fcmpgt
 .text          0x0000d38c       0x4c c:/fehqt/proteus/gcc/bin/../lib/gcc/arm-none-eabi/4.6.2/armv7e-m\libgcc.a(_arm_fixsfsi.o)
                0x0000d38c                __aeabi_f2iz
                0x0000d38c                __fixsfsi
 *(.text*)
 .text._ZSt3absf
                0x0000d3d8       0x1c ..\main.o
                0x0000d3d8                std::abs(float)
 .text._Z12checkHeadingi
                0x0000d3f4      0x280 ..\main.o
                0x0000d3f4                checkHeading(int)
 *fill*         0x0000d674        0x4 00
 .text._Z7startUpv
                0x0000d678      0x180 ..\main.o
                0x0000d678                startUp()
 .text._Z4moveff
                0x0000d7f8      0x670 ..\main.o
                0x0000d7f8                move(float, float)
 .text._Z4turnii
                0x0000de68      0x168 ..\main.o
                0x0000de68                turn(int, int)
 .text._Z6runDDRv
                0x0000dfd0      0x1c8 ..\main.o
                0x0000dfd0                runDDR()
 .text._Z7runCompv
                0x0000e198      0x378 ..\main.o
                0x0000e198                runComp()
 .text.main     0x0000e510       0x20 ..\main.o
                0x0000e510                main
 .text._Z41__static_initialization_and_destruction_0ii
                0x0000e530       0x9c ..\main.o
 .text._GLOBAL__sub_I_photoresis
                0x0000e5cc       0x14 ..\main.o
 .text.zero_fill_bss
                0x0000e5e0       0x34 Startup\__arm_start.o
 .text.__thumb_startup
                0x0000e614       0x34 Startup\__arm_start.o
                0x0000e614                __thumb_startup
 .text.InitFEHProteus
                0x0000e648      0x15c Startup\__arm_start.o
                0x0000e648                InitFEHProteus
 .text.pll_init_bl
                0x0000e7a4      0x130 Startup\__arm_start.o
 .text.InitPowerButton
                0x0000e8d4       0x90 Startup\__arm_start.o
                0x0000e8d4                InitPowerButton
 .text._ExitProcess
                0x0000e964        0xc Startup\__arm_end.o
                0x0000e964                _ExitProcess
 .text.Default_Handler
                0x0000e970        0xc Startup\kinetis_sysinit.o
                0x0000e970                BusFault_Handler()
                0x0000e970                HardFault_Handler()
                0x0000e970                SysTick_Handler()
                0x0000e970                PendSV_Handler()
                0x0000e970                DebugMonitor_Handler()
                0x0000e970                MemManage_Handler()
                0x0000e970                NMI_Handler()
                0x0000e970                SVC_Handler()
                0x0000e970                Default_Handler
                0x0000e970                UsageFault_Handler()
 .text.__init_hardware
                0x0000e97c       0x44 Startup\kinetis_sysinit.o
                0x0000e97c                __init_hardware
 .text._Z8PortDISRv
                0x0000e9c0       0x64 Startup\kinetis_sysinit.o
                0x0000e9c0                PortDISR()
 *fill*         0x0000ea24        0x4 00
 .text._ZN8FEHMotorC2ENS_12FEHMotorPortEf
                0x0000ea28       0xb0 Libraries\FEHMotor.o
                0x0000ea28                FEHMotor::FEHMotor(FEHMotor::FEHMotorPort, float)
                0x0000ea28                FEHMotor::FEHMotor(FEHMotor::FEHMotorPort, float)
 .text._ZN8FEHMotor4StopEv
                0x0000ead8       0x3c Libraries\FEHMotor.o
                0x0000ead8                FEHMotor::Stop()
 .text._ZN8FEHMotor8SetPowerEi
                0x0000eb14       0x60 Libraries\FEHMotor.o
                0x0000eb14                FEHMotor::SetPower(int)
 *fill*         0x0000eb74        0x4 00
 .text._ZN8FEHMotor10SetPercentEf
                0x0000eb78      0x158 Libraries\FEHMotor.o
                0x0000eb78                FEHMotor::SetPercent(float)
 .text._Z21IIC_StartTransmissionhh
                0x0000ecd0       0x98 Drivers\i2c.o
                0x0000ecd0                IIC_StartTransmission(unsigned char, unsigned char)
 .text._Z5Pausev
                0x0000ed68       0x34 Drivers\i2c.o
                0x0000ed68                Pause()
 .text._Z21MMA8451QWriteRegisterhh
                0x0000ed9c      0x12c Drivers\i2c.o
                0x0000ed9c                MMA8451QWriteRegister(unsigned char, unsigned char)
 .text._Z12SPI_SendCharh
                0x0000eec8       0x1c Drivers\spi.o
                0x0000eec8                SPI_SendChar(unsigned char)
 .text._Z16SPI_WriteCommandhh
                0x0000eee4       0x34 Drivers\spi.o
                0x0000eee4                SPI_WriteCommand(unsigned char, unsigned char)
 .text._Z11SPI_GetCharv
                0x0000ef18       0x14 Drivers\spi.o
                0x0000ef18                SPI_GetChar()
 .text._Z15SPI_ReadCommandh
                0x0000ef2c       0x3c Drivers\spi.o
                0x0000ef2c                SPI_ReadCommand(unsigned char)
 .text._Z13SPI_CS_Assertv
                0x0000ef68       0x24 Drivers\spi.o
                0x0000ef68                SPI_CS_Assert()
 .text._Z15SPI_CS_Deassertv
                0x0000ef8c       0x24 Drivers\spi.o
                0x0000ef8c                SPI_CS_Deassert()
 .text._Z12SPI_Transferh
                0x0000efb0       0x88 Drivers\spi.o
                0x0000efb0                SPI_Transfer(unsigned char)
 .text._Z8SPI_Initv
                0x0000f038       0xe8 Drivers\spi.o
                0x0000f038                SPI_Init()
 .text._Z9uart_initPV11UART_MemMapii
                0x0000f120      0x20c Drivers\uart.o
                0x0000f120                uart_init(UART_MemMap volatile*, int, int)
 .text._Z12uart_getcharPV11UART_MemMap
                0x0000f32c       0x34 Drivers\uart.o
                0x0000f32c                uart_getchar(UART_MemMap volatile*)
 .text._Z12uart_putcharPV11UART_MemMapc
                0x0000f360       0x38 Drivers\uart.o
                0x0000f360                uart_putchar(UART_MemMap volatile*, char)
 .text._ZL7mem_setPvij
                0x0000f398       0x44 Drivers\ff.o
 .text._ZL11move_windowP5FATFSm
                0x0000f3dc       0xf0 Drivers\ff.o
 .text._ZL4syncP5FATFS
                0x0000f4cc      0x188 Drivers\ff.o
 .text._ZL8validateP5FATFSt
                0x0000f654       0x54 Drivers\ff.o
 .text._Z6f_syncP3FIL
                0x0000f6a8      0x1c0 Drivers\ff.o
                0x0000f6a8                f_sync(FIL*)
 .text._Z7f_closeP3FIL
                0x0000f868       0x2c Drivers\ff.o
                0x0000f868                f_close(FIL*)
 .text._ZL17SDHC_set_baudratemm
                0x0000f894      0x14c Drivers\SDHC.o
 .text._Z9SDHC_initP17esdhc_info_structPK17esdhc_init_struct
                0x0000f9e0      0x1c4 Drivers\SDHC.o
                0x0000f9e0                SDHC_init(esdhc_info_struct*, esdhc_init_struct const*)
 .text._ZL15SDHC_is_runningv
                0x0000fba4       0x28 Drivers\SDHC.o
 .text._ZL16SDHC_status_waitm
                0x0000fbcc       0x38 Drivers\SDHC.o
 .text._ZL17SDHC_send_commandP20esdhc_command_struct
                0x0000fc04      0x2a0 Drivers\SDHC.o
 .text._Z10SDHC_ioctlmPv
                0x0000fea4      0x978 Drivers\SDHC.o
                0x0000fea4                SDHC_ioctl(unsigned long, void*)
 .text._ZL14rcvr_datablockPhm
                0x0001081c      0x134 Drivers\SDHC.o
 .text._Z9disk_readhPhmh
                0x00010950      0x13c Drivers\SDHC.o
                0x00010950                disk_read(unsigned char, unsigned char*, unsigned long, unsigned char)
 .text._ZL14xmit_datablockPKhm
                0x00010a8c       0xe0 Drivers\SDHC.o
 .text._Z10disk_writehPKhmh
                0x00010b6c      0x1cc Drivers\SDHC.o
                0x00010b6c                disk_write(unsigned char, unsigned char const*, unsigned long, unsigned char)
 .text._Z10disk_ioctlhhPv
                0x00010d38      0x128 Drivers\SDHC.o
                0x00010d38                disk_ioctl(unsigned char, unsigned char, void*)
 .text._Z11disk_statush
                0x00010e60       0x30 Drivers\SDHC.o
                0x00010e60                disk_status(unsigned char)
 .text._Z13time_delay_msm
                0x00010e90       0xa4 Drivers\lptmr.o
                0x00010e90                time_delay_ms(unsigned long)
 .text._Z41__static_initialization_and_destruction_0ii
                0x00010f34       0x30 FEHProteus.o
 .text._GLOBAL__sub_I_Propeller
                0x00010f64       0x14 FEHProteus.o
 .text._ZN12FEHPropellerC2Ev
                0x00010f78       0x20 Drivers\FEHPropeller.o
                0x00010f78                FEHPropeller::FEHPropeller()
                0x00010f78                FEHPropeller::FEHPropeller()
 .text._ZN12FEHPropeller10InitializeEv
                0x00010f98       0x94 Drivers\FEHPropeller.o
                0x00010f98                FEHPropeller::Initialize()
 .text._ZN12FEHPropeller12SetMotorRateEhhh
                0x0001102c       0x78 Drivers\FEHPropeller.o
                0x0001102c                FEHPropeller::SetMotorRate(unsigned char, unsigned char, unsigned char)
 .text._ZL5Delaymjj
                0x000110a4       0xc4 Libraries\FEHUtility.o
 .text._Z5Sleepi
                0x00011168       0x34 Libraries\FEHUtility.o
                0x00011168                Sleep(int)
 *fill*         0x0001119c        0x4 00
 .text._Z5Sleepd
                0x000111a0       0x58 Libraries\FEHUtility.o
                0x000111a0                Sleep(double)
 .text._Z7TimeNowv
                0x000111f8       0x70 Libraries\FEHUtility.o
                0x000111f8                TimeNow()
 .text._Z11TimeNowMSecv
                0x00011268       0x44 Libraries\FEHUtility.o
                0x00011268                TimeNowMSec()
 .text._ZN14DigitalEncoderC2EN5FEHIO8FEHIOPinE
                0x000112ac       0x2c Libraries\FEHIO.o
                0x000112ac                DigitalEncoder::DigitalEncoder(FEHIO::FEHIOPin)
                0x000112ac                DigitalEncoder::DigitalEncoder(FEHIO::FEHIOPin)
 .text._Z10enable_irqi
                0x000112d8      0x1cc Libraries\FEHIO.o
                0x000112d8                enable_irq(int)
 .text._ZN14DigitalEncoder10InitializeEN5FEHIO8FEHIOPinENS0_21FEHIOInterruptTriggerE
                0x000114a4      0x224 Libraries\FEHIO.o
                0x000114a4                DigitalEncoder::Initialize(FEHIO::FEHIOPin, FEHIO::FEHIOInterruptTrigger)
 .text._Z9portB_isrv
                0x000116c8       0xd4 Libraries\FEHIO.o
                0x000116c8                portB_isr()
 .text._Z9portC_isrv
                0x0001179c       0xd8 Libraries\FEHIO.o
                0x0001179c                portC_isr()
 .text._Z9portA_isrv
                0x00011874       0xd8 Libraries\FEHIO.o
                0x00011874                portA_isr()
 .text._Z9portE_isrv
                0x0001194c       0xd0 Libraries\FEHIO.o
                0x0001194c                portE_isr()
 .text._ZN14DigitalEncoder6CountsEv
                0x00011a1c       0x28 Libraries\FEHIO.o
                0x00011a1c                DigitalEncoder::Counts()
 .text._ZN14DigitalEncoder11ResetCountsEv
                0x00011a44       0x28 Libraries\FEHIO.o
                0x00011a44                DigitalEncoder::ResetCounts()
 .text._ZN14AnalogInputPinC2EN5FEHIO8FEHIOPinE
                0x00011a6c       0x20 Libraries\FEHIO.o
                0x00011a6c                AnalogInputPin::AnalogInputPin(FEHIO::FEHIOPin)
                0x00011a6c                AnalogInputPin::AnalogInputPin(FEHIO::FEHIOPin)
 *fill*         0x00011a8c        0x4 00
 .text._ZN14AnalogInputPin5ValueEv
                0x00011a90      0x180 Libraries\FEHIO.o
                0x00011a90                AnalogInputPin::Value()
 .text._ZN13AnalogEncoder12EncoderValueEv
                0x00011c10       0xe4 Libraries\FEHIO.o
                0x00011c10                AnalogEncoder::EncoderValue()
 .text._ZN14AnalogInputPin8InitADCsEv
                0x00011cf4      0x120 Libraries\FEHIO.o
                0x00011cf4                AnalogInputPin::InitADCs()
 .text._Z8pit0_isrv
                0x00011e14       0x34 Libraries\FEHIO.o
                0x00011e14                pit0_isr()
 .text._ZN13AnalogEncoder4InitEv
                0x00011e48       0x64 Libraries\FEHIO.o
                0x00011e48                AnalogEncoder::Init()
 .text._ZN13AnalogEncoder14SetCounterInitEj
                0x00011eac       0x20 Libraries\FEHIO.o
                0x00011eac                AnalogEncoder::SetCounterInit(unsigned int)
 .text._ZN13AnalogEncoder10ProcessIntEv
                0x00011ecc       0x80 Libraries\FEHIO.o
                0x00011ecc                AnalogEncoder::ProcessInt()
 .text._ZN13AnalogEncoder14ProcessIntSelfEv
                0x00011f4c       0x80 Libraries\FEHIO.o
                0x00011f4c                AnalogEncoder::ProcessIntSelf()
 .text._Z7ADC_CalPV10ADC_MemMap
                0x00011fcc      0x14c Drivers\adc16.o
                0x00011fcc                ADC_Cal(ADC_MemMap volatile*)
 .text._Z14ADC_Config_AltPV10ADC_MemMapP7adc_cfg
                0x00012118       0x6c Drivers\adc16.o
                0x00012118                ADC_Config_Alt(ADC_MemMap volatile*, adc_cfg*)
 .text._ZN9FEHBuzzerC2Ev
                0x00012184       0x18 Libraries\FEHBuzzer.o
                0x00012184                FEHBuzzer::FEHBuzzer()
                0x00012184                FEHBuzzer::FEHBuzzer()
 .text._Z41__static_initialization_and_destruction_0ii
                0x0001219c       0x30 Libraries\FEHBuzzer.o
 .text._GLOBAL__sub_I_Buzzer
                0x000121cc       0x14 Libraries\FEHBuzzer.o
 .text._ZN8FEHServoC2ENS_12FEHServoPortE
                0x000121e0       0x3c Libraries\FEHServo.o
                0x000121e0                FEHServo::FEHServo(FEHServo::FEHServoPort)
                0x000121e0                FEHServo::FEHServo(FEHServo::FEHServoPort)
 *fill*         0x0001221c        0x4 00
 .text._ZN8FEHServo9SetDegreeEf
                0x00012220      0x148 Libraries\FEHServo.o
                0x00012220                FEHServo::SetDegree(float)
 .text._ZN6FEHLCD11_InitializeEv
                0x00012368      0x5dc Libraries\FEHLCD.o
                0x00012368                FEHLCD::_Initialize()
 .text._ZN6FEHLCDC2Ev
                0x00012944       0x64 Libraries\FEHLCD.o
                0x00012944                FEHLCD::FEHLCD()
                0x00012944                FEHLCD::FEHLCD()
 .text._ZN6FEHLCD10InitializeEv
                0x000129a8       0x38 Libraries\FEHLCD.o
                0x000129a8                FEHLCD::Initialize()
 .text._ZN6FEHLCD10PrintImageEii
                0x000129e0      0x100 Libraries\FEHLCD.o
                0x000129e0                FEHLCD::PrintImage(int, int)
 .text._ZN6FEHLCD9PrintLogoEii
                0x00012ae0      0x100 Libraries\FEHLCD.o
                0x00012ae0                FEHLCD::PrintLogo(int, int)
 .text._ZN6FEHLCD22ConvertFEHColorTo24BitENS_11FEHLCDColorE
                0x00012be0       0x80 Libraries\FEHLCD.o
                0x00012be0                FEHLCD::ConvertFEHColorTo24Bit(FEHLCD::FEHLCDColor)
 .text._ZN6FEHLCD24Convert24BitColorTo16BitEj
                0x00012c60       0x40 Libraries\FEHLCD.o
                0x00012c60                FEHLCD::Convert24BitColorTo16Bit(unsigned int)
 .text._ZN6FEHLCD22ConvertRGBColorTo16BitEhhh
                0x00012ca0       0x44 Libraries\FEHLCD.o
                0x00012ca0                FEHLCD::ConvertRGBColorTo16Bit(unsigned char, unsigned char, unsigned char)
 .text._ZN6FEHLCD5ClearENS_11FEHLCDColorE
                0x00012ce4       0x28 Libraries\FEHLCD.o
                0x00012ce4                FEHLCD::Clear(FEHLCD::FEHLCDColor)
 .text._ZN6FEHLCD5ClearEj
                0x00012d0c       0x2c Libraries\FEHLCD.o
                0x00012d0c                FEHLCD::Clear(unsigned int)
 .text._ZN6FEHLCD5ClearEv
                0x00012d38       0x18 Libraries\FEHLCD.o
                0x00012d38                FEHLCD::Clear()
 .text._ZN6FEHLCD18SetBackgroundColorENS_11FEHLCDColorE
                0x00012d50       0x28 Libraries\FEHLCD.o
                0x00012d50                FEHLCD::SetBackgroundColor(FEHLCD::FEHLCDColor)
 .text._ZN6FEHLCD18SetBackgroundColorEj
                0x00012d78       0x28 Libraries\FEHLCD.o
                0x00012d78                FEHLCD::SetBackgroundColor(unsigned int)
 .text._ZN6FEHLCD12SetFontColorENS_11FEHLCDColorE
                0x00012da0       0x28 Libraries\FEHLCD.o
                0x00012da0                FEHLCD::SetFontColor(FEHLCD::FEHLCDColor)
 .text._ZN6FEHLCD12SetFontColorEj
                0x00012dc8       0x28 Libraries\FEHLCD.o
                0x00012dc8                FEHLCD::SetFontColor(unsigned int)
 .text._ZN6FEHLCD7WriteAtEPKcii
                0x00012df0       0x58 Libraries\FEHLCD.o
                0x00012df0                FEHLCD::WriteAt(char const*, int, int)
 .text._ZN6FEHLCD11TS_SPI_InitEv
                0x00012e48       0xa8 Libraries\FEHLCD.o
                0x00012e48                FEHLCD::TS_SPI_Init()
 .text._ZN6FEHLCD5TouchEPfS0_
                0x00012ef0      0x240 Libraries\FEHLCD.o
                0x00012ef0                FEHLCD::Touch(float*, float*)
 .text._ZN6FEHLCD3absEi
                0x00013130       0x28 Libraries\FEHLCD.o
                0x00013130                FEHLCD::abs(int)
 .text._ZN6FEHLCD5WriteEPKc
                0x00013158       0x5c Libraries\FEHLCD.o
                0x00013158                FEHLCD::Write(char const*)
 .text._ZN6FEHLCD5WriteEi
                0x000131b4       0x34 Libraries\FEHLCD.o
                0x000131b4                FEHLCD::Write(int)
 .text._ZN6FEHLCD5WriteEf
                0x000131e8       0xdc Libraries\FEHLCD.o
                0x000131e8                FEHLCD::Write(float)
 .text._ZN6FEHLCD5WriteEc
                0x000132c4       0x30 Libraries\FEHLCD.o
                0x000132c4                FEHLCD::Write(char)
 .text._ZN6FEHLCD9WriteLineEPKc
                0x000132f4       0x28 Libraries\FEHLCD.o
                0x000132f4                FEHLCD::WriteLine(char const*)
 .text._ZN6FEHLCD9WriteLineEf
                0x0001331c       0x28 Libraries\FEHLCD.o
                0x0001331c                FEHLCD::WriteLine(float)
 .text._ZN6FEHLCD9WriteLineEc
                0x00013344       0x2c Libraries\FEHLCD.o
                0x00013344                FEHLCD::WriteLine(char)
 .text._ZN6FEHLCD10WriteIndexEh
                0x00013370      0x288 Libraries\FEHLCD.o
                0x00013370                FEHLCD::WriteIndex(unsigned char)
 .text._ZN6FEHLCD14WriteParameterEh
                0x000135f8      0x254 Libraries\FEHLCD.o
                0x000135f8                FEHLCD::WriteParameter(unsigned char)
 .text._ZN6FEHLCD6_ClearEv
                0x0001384c      0x228 Libraries\FEHLCD.o
                0x0001384c                FEHLCD::_Clear()
 .text._ZN6FEHLCD8NextLineEv
                0x00013a74       0x30 Libraries\FEHLCD.o
                0x00013a74                FEHLCD::NextLine()
 .text._ZN6FEHLCD9CheckLineEv
                0x00013aa4       0x2c Libraries\FEHLCD.o
                0x00013aa4                FEHLCD::CheckLine()
 .text._ZN6FEHLCD8NextCharEv
                0x00013ad0       0x34 Libraries\FEHLCD.o
                0x00013ad0                FEHLCD::NextChar()
 .text._ZN6FEHLCD9DrawPixelEii
                0x00013b04       0x30 Libraries\FEHLCD.o
                0x00013b04                FEHLCD::DrawPixel(int, int)
 .text._Z4SwapRiS_
                0x00013b34       0x28 Libraries\FEHLCD.o
                0x00013b34                Swap(int&, int&)
 .text._ZN6FEHLCD13DrawRectangleEiiii
                0x00013b5c       0x80 Libraries\FEHLCD.o
                0x00013b5c                FEHLCD::DrawRectangle(int, int, int, int)
 .text._ZN6FEHLCD13SetDrawRegionEiiii
                0x00013bdc      0x10c Libraries\FEHLCD.o
                0x00013bdc                FEHLCD::SetDrawRegion(int, int, int, int)
 .text._ZN6FEHLCD8DrawLineEiiii
                0x00013ce8      0x17c Libraries\FEHLCD.o
                0x00013ce8                FEHLCD::DrawLine(int, int, int, int)
 .text._ZN6FEHLCD9WriteCharEiic
                0x00013e64       0x40 Libraries\FEHLCD.o
                0x00013e64                FEHLCD::WriteChar(int, int, char)
 .text._ZN6FEHLCD11WriteCharAtEiic
                0x00013ea4      0x278 Libraries\FEHLCD.o
                0x00013ea4                FEHLCD::WriteCharAt(int, int, char)
 .text._ZN6FEHLCD11RepeatColorEv
                0x0001411c       0xbc Libraries\FEHLCD.o
                0x0001411c                FEHLCD::RepeatColor()
 .text._ZN6FEHLCD10_ForePixelEv
                0x000141d8      0x160 Libraries\FEHLCD.o
                0x000141d8                FEHLCD::_ForePixel()
 .text._ZN6FEHLCD10_BackPixelEv
                0x00014338      0x160 Libraries\FEHLCD.o
                0x00014338                FEHLCD::_BackPixel()
 .text._ZN6FEHLCD22SetRegisterColorValuesEv
                0x00014498      0x4c0 Libraries\FEHLCD.o
                0x00014498                FEHLCD::SetRegisterColorValues()
 .text._ZN7FEHIcon4IconC2Ev
                0x00014958       0x18 Libraries\FEHLCD.o
                0x00014958                FEHIcon::Icon::Icon()
                0x00014958                FEHIcon::Icon::Icon()
 .text._ZN7FEHIcon4Icon13SetPropertiesEPciiiijj
                0x00014970       0x70 Libraries\FEHLCD.o
                0x00014970                FEHIcon::Icon::SetProperties(char*, int, int, int, int, unsigned int, unsigned int)
 .text._ZN7FEHIcon4Icon4DrawEv
                0x000149e0       0xb0 Libraries\FEHLCD.o
                0x000149e0                FEHIcon::Icon::Draw()
 .text._ZN7FEHIcon4Icon6SelectEv
                0x00014a90       0xb8 Libraries\FEHLCD.o
                0x00014a90                FEHIcon::Icon::Select()
 .text._ZN7FEHIcon4Icon8DeselectEv
                0x00014b48       0xb4 Libraries\FEHLCD.o
                0x00014b48                FEHIcon::Icon::Deselect()
 .text._ZN7FEHIcon4Icon7PressedEffi
                0x00014bfc      0x1dc Libraries\FEHLCD.o
                0x00014bfc                FEHIcon::Icon::Pressed(float, float, int)
 .text._ZN7FEHIcon4Icon12WhilePressedEff
                0x00014dd8       0x5c Libraries\FEHLCD.o
                0x00014dd8                FEHIcon::Icon::WhilePressed(float, float)
 .text._ZN7FEHIcon13DrawIconArrayEPNS_4IconEiiiiiiPA20_cjj
                0x00014e34      0x194 Libraries\FEHLCD.o
                0x00014e34                FEHIcon::DrawIconArray(FEHIcon::Icon*, int, int, int, int, int, int, char (*) [20], unsigned int, unsigned int)
 .text._Z41__static_initialization_and_destruction_0ii
                0x00014fc8       0x30 Libraries\FEHLCD.o
 .text._GLOBAL__sub_I_image
                0x00014ff8       0x14 Libraries\FEHLCD.o
 .text._ZN8FEHAccelC2Ev
                0x0001500c       0x8c Libraries\FEHAccel.o
                0x0001500c                FEHAccel::FEHAccel()
                0x0001500c                FEHAccel::FEHAccel()
 .text._Z41__static_initialization_and_destruction_0ii
                0x00015098       0x30 Libraries\FEHAccel.o
 .text._GLOBAL__sub_I_Accel
                0x000150c8       0x14 Libraries\FEHAccel.o
 .text._ZN10FEHBatteryC2EN5FEHIO8FEHIOPinE
                0x000150dc       0x24 Libraries\FEHBattery.o
                0x000150dc                FEHBattery::FEHBattery(FEHIO::FEHIOPin)
                0x000150dc                FEHBattery::FEHBattery(FEHIO::FEHIOPin)
 .text._Z41__static_initialization_and_destruction_0ii
                0x00015100       0x34 Libraries\FEHBattery.o
 .text._GLOBAL__sub_I_Battery
                0x00015134       0x14 Libraries\FEHBattery.o
 .text._ZN7FEHXBeeC2Ev
                0x00015148       0x20 Drivers\FEHXBee.o
                0x00015148                FEHXBee::FEHXBee()
                0x00015148                FEHXBee::FEHXBee()
 .text._ZN7FEHXBee10InitializeEv
                0x00015168      0x148 Drivers\FEHXBee.o
                0x00015168                FEHXBee::Initialize()
 .text._ZN7FEHXBee13IsInitializedEv
                0x000152b0       0x18 Drivers\FEHXBee.o
                0x000152b0                FEHXBee::IsInitialized()
 .text._ZN7FEHXBee17ReceiveDataSearchEPcjh
                0x000152c8       0xb4 Drivers\FEHXBee.o
                0x000152c8                FEHXBee::ReceiveDataSearch(char*, unsigned int, unsigned char)
 .text._ZN7FEHXBee8SendDataEPcj
                0x0001537c       0x50 Drivers\FEHXBee.o
                0x0001537c                FEHXBee::SendData(char*, unsigned int)
 .text._ZN7FEHXBee17SetPacketCallBackEPFvPhhE
                0x000153cc       0x20 Drivers\FEHXBee.o
                0x000153cc                FEHXBee::SetPacketCallBack(void (*)(unsigned char*, unsigned char))
 .text._Z9UART0_ISRv
                0x000153ec      0x174 Drivers\FEHXBee.o
                0x000153ec                UART0_ISR()
 .text._ZN6FEHRPSC2Ev
                0x00015560       0x88 Libraries\FEHRPS.o
                0x00015560                FEHRPS::FEHRPS()
                0x00015560                FEHRPS::FEHRPS()
 .text._ZN6FEHRPS10InitializeEi
                0x000155e8      0x994 Libraries\FEHRPS.o
                0x000155e8                FEHRPS::Initialize(int)
 .text._ZN6FEHRPS10InitializeEc
                0x00015f7c       0x4c Libraries\FEHRPS.o
                0x00015f7c                FEHRPS::Initialize(char)
 .text._ZN6FEHRPS19InitializeTouchMenuEv
                0x00015fc8      0x908 Libraries\FEHRPS.o
                0x00015fc8                FEHRPS::InitializeTouchMenu()
 .text._ZN6FEHRPS19CurrentRegionLetterEv
                0x000168d0       0x20 Libraries\FEHRPS.o
                0x000168d0                FEHRPS::CurrentRegionLetter()
 .text._ZN6FEHRPS13WaitForPacketEv
                0x000168f0       0x78 Libraries\FEHRPS.o
                0x000168f0                FEHRPS::WaitForPacket()
 .text._ZN6FEHRPS7HeadingEv
                0x00016968       0x20 Libraries\FEHRPS.o
                0x00016968                FEHRPS::Heading()
 .text._Z14RPSDataProcessPhh
                0x00016988      0x164 Libraries\FEHRPS.o
                0x00016988                RPSDataProcess(unsigned char*, unsigned char)
 .text._Z41__static_initialization_and_destruction_0ii
                0x00016aec       0x30 Libraries\FEHRPS.o
 .text._GLOBAL__sub_I_RPS
                0x00016b1c       0x14 Libraries\FEHRPS.o
 .text._ZN5FEHSDC2Ev
                0x00016b30       0x24 Libraries\FEHSD.o
                0x00016b30                FEHSD::FEHSD()
                0x00016b30                FEHSD::FEHSD()
 .text._ZN5FEHSD8CloseLogEv
                0x00016b54       0x38 Libraries\FEHSD.o
                0x00016b54                FEHSD::CloseLog()
 .text._Z41__static_initialization_and_destruction_0ii
                0x00016b8c       0x30 Libraries\FEHSD.o
 .text._GLOBAL__sub_I_SD
                0x00016bbc       0x14 Libraries\FEHSD.o
 .text.sprintf  0x00016bd0       0x1c C:\fehqt\Proteus/EWL/lib/armv7e-m\libc.a(sprintf.o)
                0x00016bd0                sprintf
 .text.__StringWrite
                0x00016bec       0x28 C:\fehqt\Proteus/EWL/lib/armv7e-m\libc.a(vsnprintf.o)
                0x00016bec                __StringWrite
 .text.vsnprintf
                0x00016c14       0x34 C:\fehqt\Proteus/EWL/lib/armv7e-m\libc.a(vsnprintf.o)
                0x00016c14                vsnprintf
 .text.exit     0x00016c48       0x38 C:\fehqt\Proteus/EWL/lib/armv7e-m\libc.a(exit.o)
                0x00016c48                exit
 .text.memcpy   0x00016c80       0x12 C:\fehqt\Proteus/EWL/lib/armv7e-m\libc.a(memcpy.o)
                0x00016c80                memcpy
 .text.memset   0x00016c92        0xc C:\fehqt\Proteus/EWL/lib/armv7e-m\libc.a(memset.o)
                0x00016c92                memset
 .text.strcpy   0x00016c9e       0x18 C:\fehqt\Proteus/EWL/lib/armv7e-m\libc.a(strcpy.o)
                0x00016c9e                strcpy
 .text.strlen   0x00016cb6       0x10 C:\fehqt\Proteus/EWL/lib/armv7e-m\libc.a(strlen.o)
                0x00016cb6                strlen
 .text.long2str.isra.0
                0x00016cc6      0x196 C:\fehqt\Proteus/EWL/lib/armv7e-m\libc.a(printformat_.o)
 .text.__pformatter_
                0x00016e5c      0x3f8 C:\fehqt\Proteus/EWL/lib/armv7e-m\libc.a(printformat_.o)
                0x00016e5c                __pformatter_
 .text.__sformatter
                0x00017254      0x74e C:\fehqt\Proteus/EWL/lib/armv7e-m\libc.a(scanformat_.o)
                0x00017254                __sformatter
 *fill*         0x000179a2        0x2 00
 .text.isalpha  0x000179a4       0x1c C:\fehqt\Proteus/EWL/lib/armv7e-m\libc.a(ctype_aeabi.o)
                0x000179a4                isalpha
 .text.isspace  0x000179c0       0x1c C:\fehqt\Proteus/EWL/lib/armv7e-m\libc.a(ctype_aeabi.o)
                0x000179c0                isspace
 .text.toupper  0x000179dc        0xc C:\fehqt\Proteus/EWL/lib/armv7e-m\libc.a(ctype_aeabi.o)
                0x000179dc                toupper
 .text.__strtoul
                0x000179e8      0x1dc C:\fehqt\Proteus/EWL/lib/armv7e-m\libc.a(__strtoul.o)
                0x000179e8                __strtoul
 .text.__fill_mem
                0x00017bc4       0x76 C:\fehqt\Proteus/EWL/lib/armv7e-m\libc.a(__filll_mem.o)
                0x00017bc4                __fill_mem
 .text.memchr   0x00017c3a       0x1a C:\fehqt\Proteus/EWL/lib/armv7e-m\libc.a(memchr.o)
                0x00017c3a                memchr
 .text.strchr   0x00017c54       0x1c C:\fehqt\Proteus/EWL/lib/armv7e-m\libc.a(strchr.o)
                0x00017c54                strchr
 .text.__init_cpp
                0x00017c70       0x4c C:\fehqt\Proteus/EWL/lib/armv7e-m\librt.a(gcc_ctor_dtor.o)
                0x00017c70                __init_cpp
 .text.__fini_cpp
                0x00017cbc       0x34 C:\fehqt\Proteus/EWL/lib/armv7e-m\librt.a(gcc_ctor_dtor.o)
                0x00017cbc                __fini_cpp
 .text.__copy_rom_section
                0x00017cf0       0x44 C:\fehqt\Proteus/EWL/lib/armv7e-m\librt.a(ROMCopy.o)
                0x00017cf0                __copy_rom_section
 .text.__copy_rom_sections_to_ram
                0x00017d34       0x34 C:\fehqt\Proteus/EWL/lib/armv7e-m\librt.a(ROMCopy.o)
                0x00017d34                __copy_rom_sections_to_ram
 .text.__destroy_global_chain
                0x00017d68       0x1c C:\fehqt\Proteus/EWL/lib/armv7e-m\librt.a(__arm_eabi_init.o)
                0x00017d68                __destroy_global_chain
 .text.__init_registers
                0x00017d84       0x20 C:\fehqt\Proteus/EWL/lib/armv7e-m\librt.a(__arm_eabi_init.o)
                0x00017d84                __init_registers
 .text.__init_user
                0x00017da4        0x4 C:\fehqt\Proteus/EWL/lib/armv7e-m\librt.a(__arm_eabi_init.o)
                0x00017da4                __init_user
 *(.rodata)
 .rodata        0x00017da8      0x1b0 ..\main.o
 .rodata        0x00017f58       0x78 Libraries\FEHIO.o
 .rodata        0x00017fd0       0x34 Libraries\FEHLCD.o
 .rodata        0x00018004      0x238 Libraries\FEHRPS.o
 *(.rodata*)
 .rodata.K60_SDHC0_init
                0x0001823c        0xc Drivers\SDHC.o
                0x0001823c                K60_SDHC0_init
 .rodata._ZL21ESDHC_COMMAND_XFERTYP
                0x00018248      0x100 Drivers\SDHC.o
 .rodata._ZL9GPIOPorts
                0x00018348       0x20 Libraries\FEHIO.o
 .rodata._ZL10ADCNumbers
                0x00018368       0x24 Libraries\FEHIO.o
 .rodata._ZL14GPIOPinNumbers
                0x0001838c       0x80 Libraries\FEHIO.o
 .rodata._ZL16AnalogPinNumbers
                0x0001840c       0x84 Libraries\FEHIO.o
 .rodata.str1.1
                0x00018490        0x1 C:\fehqt\Proteus/EWL/lib/armv7e-m\libc.a(printformat_.o)
 .rodata.__aeabi_ctype_table_C
                0x00018491      0x101 C:\fehqt\Proteus/EWL/lib/armv7e-m\libc.a(ctype_aeabi.o)
                0x00018491                __aeabi_ctype_table_C
 *(.glue_7)
 .glue_7        0x00000000        0x0 linker stubs
 *(.glue_7t)
 .glue_7t       0x00000000        0x0 linker stubs
 *(.eh_frame)
 *(.init)
 *(.fini)
                0x00018594                . = ALIGN (0x4)
 *fill*         0x00018592        0x2 00
                0x00018594                _etext = .

.vfp11_veneer   0x00018594        0x0
 .vfp11_veneer  0x00000000        0x0 linker stubs

.v4_bx          0x00018594        0x0
 .v4_bx         0x00000000        0x0 linker stubs

.ARM.extab
 *(.ARM.extab* .gnu.linkonce.armextab.*)

.ARM            0x00018594        0x0
                0x00018594                __exidx_start = .
 *(.ARM.exidx*)
                0x00018594                __exidx_end = .

.ctors          0x00018594        0x0
                0x00018594                __CTOR_LIST__ = .
 *crtbegin.o(.ctors)
 *(EXCLUDE_FILE(*crtend.o) .ctors)
 *(SORT(.ctors.*))
 *(.ctors)
                0x00018594                __CTOR_END__ = .

.dtors          0x00018594        0x0
                0x00018594                __DTOR_LIST__ = .
 *crtbegin.o(.dtors)
 *(EXCLUDE_FILE(*crtend.o) .dtors)
 *(SORT(.dtors.*))
 *(.dtors)
                0x00018594                __DTOR_END__ = .

.preinit_array  0x00018594        0x0
                0x00018594                PROVIDE (__preinit_array_start, .)
 *(.preinit_array*)
                0x00018594                PROVIDE (__preinit_array_end, .)

.init_array     0x00018594       0x20
                0x00018594                PROVIDE (__init_array_start, .)
 *(SORT(.init_array.*))
 *(.init_array*)
 .init_array    0x00018594        0x4 ..\main.o
 .init_array    0x00018598        0x4 FEHProteus.o
 .init_array    0x0001859c        0x4 Libraries\FEHBuzzer.o
 .init_array    0x000185a0        0x4 Libraries\FEHLCD.o
 .init_array    0x000185a4        0x4 Libraries\FEHAccel.o
 .init_array    0x000185a8        0x4 Libraries\FEHBattery.o
 .init_array    0x000185ac        0x4 Libraries\FEHRPS.o
 .init_array    0x000185b0        0x4 Libraries\FEHSD.o
                0x000185b4                PROVIDE (__init_array_end, .)

.fini_array     0x000185b4        0x0
                0x000185b4                PROVIDE (__fini_array_start, .)
 *(SORT(.fini_array.*))
 *(.fini_array*)
                0x000185b4                PROVIDE (__fini_array_end, .)
                0x000185b4                ___ROM_AT = .

.data           0x1fff0400      0xd24 load address 0x000185b4
                0x1fff0400                . = ALIGN (0x4)
                0x1fff0400                _sdata = .
 *(.data)
 *(.data*)
 .data.Kp       0x1fff0400        0x4 ..\main.o
                0x1fff0400                Kp
 .data.Ki       0x1fff0404        0x4 ..\main.o
                0x1fff0404                Ki
 .data._ZL4Stat
                0x1fff0408        0x1 Drivers\SDHC.o
 *fill*         0x1fff0409        0x3 00
 .data.image    0x1fff040c      0x750 Libraries\FEHLCD.o
                0x1fff040c                image
 .data.logo     0x1fff0b5c      0x3e8 Libraries\FEHLCD.o
                0x1fff0b5c                logo
 .data._ZN6FEHLCD8fontDataE
                0x1fff0f44      0x1e0 Libraries\FEHLCD.o
                0x1fff0f44                FEHLCD::fontData
                0x1fff1124                . = ALIGN (0x4)
                0x1fff1124                _edata = .
                0x00000d24                ___data_size = (_edata - _sdata)
                0x000192d8                ___m_data2_ROMStart = (___ROM_AT + SIZEOF (.data))

.user_data2     0x20000000        0x0 load address 0x000192d8
                0x20000000                . = ALIGN (0x4)
                0x20000000                ___m_data2_RAMStart = .
 *(.data2)
                0x20000000                ___m_data2_RAMEnd = .
                0x20000000                . = ALIGN (0x4)
                0x00000000                ___m_data2_ROMSize = (___m_data2_RAMEnd - ___m_data2_RAMStart)
                0x20000000                . = ALIGN (0x4)

.bss            0x1fff1124      0x5ec load address 0x000192d8
                0x1fff1124                __START_BSS = .
                0x1fff1124                PROVIDE (__bss_start__, __START_BSS)
 *(.bss)
 *(.bss*)
 .bss.photoresis
                0x1fff1124        0x4 ..\main.o
                0x1fff1124                photoresis
 .bss.leftmotor
                0x1fff1128        0x8 ..\main.o
                0x1fff1128                leftmotor
 .bss.rightmotor
                0x1fff1130        0x8 ..\main.o
                0x1fff1130                rightmotor
 .bss.left_encoder
                0x1fff1138        0x4 ..\main.o
                0x1fff1138                left_encoder
 .bss.right_encoder
                0x1fff113c        0x4 ..\main.o
                0x1fff113c                right_encoder
 .bss.tokenServo
                0x1fff1140        0xc ..\main.o
                0x1fff1140                tokenServo
 .bss.foosballArm
                0x1fff114c        0xc ..\main.o
                0x1fff114c                foosballArm
 .bss.Kd        0x1fff1158        0x4 ..\main.o
                0x1fff1158                Kd
 .bss.DEBUG     0x1fff115c        0x4 ..\main.o
                0x1fff115c                DEBUG
 .bss._ZL4argv  0x1fff1160        0x4 Startup\__arm_start.o
 .bss.MasterTransmission
                0x1fff1164        0x1 Drivers\i2c.o
                0x1fff1164                MasterTransmission
 .bss.SlaveID   0x1fff1165        0x1 Drivers\i2c.o
                0x1fff1165                SlaveID
 *fill*         0x1fff1166        0x2 00
 .bss.SDHC_Card
                0x1fff1168       0x14 Drivers\SDHC.o
                0x1fff1168                SDHC_Card
 .bss.SDHC_Info
                0x1fff117c      0x204 Drivers\SDHC.o
                0x1fff117c                SDHC_Info
 .bss.SDHC_Device
                0x1fff1380        0x8 Drivers\SDHC.o
                0x1fff1380                SDHC_Device
 .bss.Propeller
                0x1fff1388        0x4 FEHProteus.o
                0x1fff1388                Propeller
 .bss.CoreClockKHz
                0x1fff138c        0x4 FEHProteus.o
                0x1fff138c                CoreClockKHz
 .bss.CoreClockMHz
                0x1fff1390        0x4 FEHProteus.o
                0x1fff1390                CoreClockMHz
 .bss.PeripheralClockKHz
                0x1fff1394        0x4 FEHProteus.o
                0x1fff1394                PeripheralClockKHz
 .bss._ZN14AnalogInputPin17Master_Adc_ConfigE
                0x1fff1398       0x10 Libraries\FEHIO.o
                0x1fff1398                AnalogInputPin::Master_Adc_Config
 .bss._ZN14AnalogInputPin18Encoder_Adc_ConfigE
                0x1fff13a8       0x10 Libraries\FEHIO.o
                0x1fff13a8                AnalogInputPin::Encoder_Adc_Config
 .bss.interrupt_counts
                0x1fff13b8       0x80 Libraries\FEHIO.o
                0x1fff13b8                interrupt_counts
 .bss._ZN13AnalogEncoder7pinListE
                0x1fff1438        0x4 Libraries\FEHIO.o
                0x1fff1438                AnalogEncoder::pinList
 .bss.__interrupt_counter
                0x1fff143c        0x4 Libraries\FEHIO.o
                0x1fff143c                __interrupt_counter
 .bss.Buzzer    0x1fff1440        0x4 Libraries\FEHBuzzer.o
                0x1fff1440                Buzzer
 .bss.LCD       0x1fff1444       0x44 Libraries\FEHLCD.o
                0x1fff1444                LCD
 .bss.initialized
                0x1fff1488        0x1 Libraries\FEHLCD.o
                0x1fff1488                initialized
 *fill*         0x1fff1489        0x3 00
 .bss.Accel     0x1fff148c        0x4 Libraries\FEHAccel.o
                0x1fff148c                Accel
 .bss.Battery   0x1fff1490        0x4 Libraries\FEHBattery.o
                0x1fff1490                Battery
 .bss.XBeeDataProcess
                0x1fff1494        0x4 Drivers\FEHXBee.o
                0x1fff1494                XBeeDataProcess
 .bss._xbeebuffer
                0x1fff1498       0x10 Drivers\FEHXBee.o
                0x1fff1498                _xbeebuffer
 .bss._xbeebufferindex
                0x1fff14a8        0x1 Drivers\FEHXBee.o
                0x1fff14a8                _xbeebufferindex
 .bss._xbeestate
                0x1fff14a9        0x1 Drivers\FEHXBee.o
                0x1fff14a9                _xbeestate
 .bss._xbeebytereceived
                0x1fff14aa        0x1 Drivers\FEHXBee.o
                0x1fff14aa                _xbeebytereceived
 .bss._xbeebyte
                0x1fff14ab        0x1 Drivers\FEHXBee.o
                0x1fff14ab                _xbeebyte
 .bss.RPS       0x1fff14ac        0x8 Libraries\FEHRPS.o
                0x1fff14ac                RPS
 .bss._enabled  0x1fff14b4        0x1 Libraries\FEHRPS.o
                0x1fff14b4                _enabled
 *fill*         0x1fff14b5        0x3 00
 .bss._RPS_x    0x1fff14b8        0x4 Libraries\FEHRPS.o
                0x1fff14b8                _RPS_x
 .bss._RPS_y    0x1fff14bc        0x4 Libraries\FEHRPS.o
                0x1fff14bc                _RPS_y
 .bss._RPS_heading
                0x1fff14c0        0x4 Libraries\FEHRPS.o
                0x1fff14c0                _RPS_heading
 .bss._RPS_objective
                0x1fff14c4        0x4 Libraries\FEHRPS.o
                0x1fff14c4                _RPS_objective
 .bss._RPS_time
                0x1fff14c8        0x1 Libraries\FEHRPS.o
                0x1fff14c8                _RPS_time
 .bss._RPS_stop
                0x1fff14c9        0x1 Libraries\FEHRPS.o
                0x1fff14c9                _RPS_stop
 .bss._RPS_foundpacket
                0x1fff14ca        0x1 Libraries\FEHRPS.o
                0x1fff14ca                _RPS_foundpacket
 *fill*         0x1fff14cb        0x1 00
 .bss.SD        0x1fff14cc        0x4 Libraries\FEHSD.o
                0x1fff14cc                SD
 .bss.logfil    0x1fff14d0      0x228 Libraries\FEHSD.o
                0x1fff14d0                logfil
 .bss.__stdio_exit
                0x1fff16f8        0x4 C:\fehqt\Proteus/EWL/lib/armv7e-m\libc.a(exit.o)
                0x1fff16f8                __stdio_exit
 .bss.__console_exit
                0x1fff16fc        0x4 C:\fehqt\Proteus/EWL/lib/armv7e-m\libc.a(exit.o)
                0x1fff16fc                __console_exit
 .bss.__S_romp  0x1fff1700        0xc C:\fehqt\Proteus/EWL/lib/armv7e-m\librt.a(ROMCopy.o)
 .bss.__global_destructor_chain
                0x1fff170c        0x4 C:\fehqt\Proteus/EWL/lib/armv7e-m\librt.a(__arm_eabi_init.o)
                0x1fff170c                __global_destructor_chain
 *(COMMON)
                0x1fff1710                . = ALIGN (0x4)
                0x1fff1710                __END_BSS = .
                0x1fff1710                PROVIDE (__bss_end__, __END_BSS)

._user_heap_stack
                0x1fff1710     0x1000 load address 0x000198c4
                0x1fff1710                . = ALIGN (0x4)
                0x1fff1710                PROVIDE (end, .)
                0x1fff1710                PROVIDE (_end, .)
                0x1fff1710                __heap_addr = .
                0x1fff1f10                . = (. + __heap_size)
 *fill*         0x1fff1710      0x800 00
                0x1fff2710                . = (. + __stack_size)
 *fill*         0x1fff1f10      0x800 00
                0x1fff2710                . = ALIGN (0x4)
                0x000192d8                _romp_at = ((___ROM_AT + SIZEOF (.data)) + SIZEOF (.user_data2))

.romp           0x20000000       0x24 load address 0x000192d8
                0x000192d8                __S_romp = _romp_at
                0x20000000        0x4 LONG 0x185b4 ___ROM_AT
                0x20000004        0x4 LONG 0x1fff0400 _sdata
                0x20000008        0x4 LONG 0xd24 ___data_size
                0x2000000c        0x4 LONG 0x192d8 ___m_data2_ROMStart
                0x20000010        0x4 LONG 0x20000000 ___m_data2_RAMStart
                0x20000014        0x4 LONG 0x0 ___m_data2_ROMSize
                0x20000018        0x4 LONG 0x0
                0x2000001c        0x4 LONG 0x0
                0x20000020        0x4 LONG 0x0

.ARM.attributes
                0x00000000       0x33
 *(.ARM.attributes)
 .ARM.attributes
                0x00000000       0x33 ..\main.o
 .ARM.attributes
                0x00000033       0x33 Startup\__arm_start.o
 .ARM.attributes
                0x00000066       0x33 Startup\__arm_end.o
 .ARM.attributes
                0x00000099       0x33 Startup\kinetis_sysinit.o
 .ARM.attributes
                0x000000cc       0x33 Libraries\FEHMotor.o
 .ARM.attributes
                0x000000ff       0x33 Drivers\i2c.o
 .ARM.attributes
                0x00000132       0x33 Drivers\spi.o
 .ARM.attributes
                0x00000165       0x33 Drivers\uart.o
 .ARM.attributes
                0x00000198       0x33 Drivers\ff.o
 .ARM.attributes
                0x000001cb       0x33 Drivers\SDHC.o
 .ARM.attributes
                0x000001fe       0x33 Drivers\lptmr.o
 .ARM.attributes
                0x00000231       0x33 FEHProteus.o
 .ARM.attributes
                0x00000264       0x33 Drivers\FEHPropeller.o
 .ARM.attributes
                0x00000297       0x33 Libraries\FEHUtility.o
 .ARM.attributes
                0x000002ca       0x33 Libraries\FEHIO.o
 .ARM.attributes
                0x000002fd       0x33 Drivers\adc16.o
 .ARM.attributes
                0x00000330       0x33 Libraries\FEHBuzzer.o
 .ARM.attributes
                0x00000363       0x33 Libraries\FEHServo.o
 .ARM.attributes
                0x00000396       0x33 Libraries\FEHLCD.o
 .ARM.attributes
                0x000003c9       0x33 Libraries\FEHAccel.o
 .ARM.attributes
                0x000003fc       0x33 Libraries\FEHBattery.o
 .ARM.attributes
                0x0000042f       0x33 Drivers\FEHXBee.o
 .ARM.attributes
                0x00000462       0x33 Libraries\FEHRPS.o
 .ARM.attributes
                0x00000495       0x33 Libraries\FEHSD.o
 .ARM.attributes
                0x000004c8       0x33 C:\fehqt\Proteus/EWL/lib/armv7e-m\libc.a(sprintf.o)
 .ARM.attributes
                0x000004fb       0x33 C:\fehqt\Proteus/EWL/lib/armv7e-m\libc.a(vsnprintf.o)
 .ARM.attributes
                0x0000052e       0x33 C:\fehqt\Proteus/EWL/lib/armv7e-m\libc.a(exit.o)
 .ARM.attributes
                0x00000561       0x33 C:\fehqt\Proteus/EWL/lib/armv7e-m\libc.a(memcpy.o)
 .ARM.attributes
                0x00000594       0x33 C:\fehqt\Proteus/EWL/lib/armv7e-m\libc.a(memset.o)
 .ARM.attributes
                0x000005c7       0x33 C:\fehqt\Proteus/EWL/lib/armv7e-m\libc.a(strcpy.o)
 .ARM.attributes
                0x000005fa       0x33 C:\fehqt\Proteus/EWL/lib/armv7e-m\libc.a(strlen.o)
 .ARM.attributes
                0x0000062d       0x33 C:\fehqt\Proteus/EWL/lib/armv7e-m\libc.a(printformat_.o)
 .ARM.attributes
                0x00000660       0x33 C:\fehqt\Proteus/EWL/lib/armv7e-m\libc.a(scanformat_.o)
 .ARM.attributes
                0x00000693       0x33 C:\fehqt\Proteus/EWL/lib/armv7e-m\libc.a(ctype_aeabi.o)
 .ARM.attributes
                0x000006c6       0x33 C:\fehqt\Proteus/EWL/lib/armv7e-m\libc.a(__strtoul.o)
 .ARM.attributes
                0x000006f9       0x33 C:\fehqt\Proteus/EWL/lib/armv7e-m\libc.a(__filll_mem.o)
 .ARM.attributes
                0x0000072c       0x33 C:\fehqt\Proteus/EWL/lib/armv7e-m\libc.a(memchr.o)
 .ARM.attributes
                0x0000075f       0x33 C:\fehqt\Proteus/EWL/lib/armv7e-m\libc.a(strchr.o)
 .ARM.attributes
                0x00000792       0x1e c:/fehqt/proteus/gcc/bin/../lib/gcc/arm-none-eabi/4.6.2/armv7e-m\libgcc.a(_arm_addsubdf3.o)
 .ARM.attributes
                0x000007b0       0x1e c:/fehqt/proteus/gcc/bin/../lib/gcc/arm-none-eabi/4.6.2/armv7e-m\libgcc.a(_arm_muldivdf3.o)
 .ARM.attributes
                0x000007ce       0x1e c:/fehqt/proteus/gcc/bin/../lib/gcc/arm-none-eabi/4.6.2/armv7e-m\libgcc.a(_arm_cmpdf2.o)
 .ARM.attributes
                0x000007ec       0x1e c:/fehqt/proteus/gcc/bin/../lib/gcc/arm-none-eabi/4.6.2/armv7e-m\libgcc.a(_arm_fixdfsi.o)
 .ARM.attributes
                0x0000080a       0x1e c:/fehqt/proteus/gcc/bin/../lib/gcc/arm-none-eabi/4.6.2/armv7e-m\libgcc.a(_arm_fixunsdfsi.o)
 .ARM.attributes
                0x00000828       0x1e c:/fehqt/proteus/gcc/bin/../lib/gcc/arm-none-eabi/4.6.2/armv7e-m\libgcc.a(_arm_truncdfsf2.o)
 .ARM.attributes
                0x00000846       0x1e c:/fehqt/proteus/gcc/bin/../lib/gcc/arm-none-eabi/4.6.2/armv7e-m\libgcc.a(_arm_addsubsf3.o)
 .ARM.attributes
                0x00000864       0x1e c:/fehqt/proteus/gcc/bin/../lib/gcc/arm-none-eabi/4.6.2/armv7e-m\libgcc.a(_arm_muldivsf3.o)
 .ARM.attributes
                0x00000882       0x1e c:/fehqt/proteus/gcc/bin/../lib/gcc/arm-none-eabi/4.6.2/armv7e-m\libgcc.a(_arm_cmpsf2.o)
 .ARM.attributes
                0x000008a0       0x1e c:/fehqt/proteus/gcc/bin/../lib/gcc/arm-none-eabi/4.6.2/armv7e-m\libgcc.a(_arm_fixsfsi.o)
 .ARM.attributes
                0x000008be       0x33 C:\fehqt\Proteus/EWL/lib/armv7e-m\librt.a(gcc_ctor_dtor.o)
 .ARM.attributes
                0x000008f1       0x33 C:\fehqt\Proteus/EWL/lib/armv7e-m\librt.a(ROMCopy.o)
 .ARM.attributes
                0x00000924       0x33 C:\fehqt\Proteus/EWL/lib/armv7e-m\librt.a(__arm_eabi_init.o)
OUTPUT(../FEHROBOTTESTCODE.elf elf32-littlearm)

.debug_info     0x00000000    0x14e1d
 .debug_info    0x00000000     0x1723 ..\main.o
 .debug_info    0x00001723     0x12c5 Startup\__arm_start.o
 .debug_info    0x000029e8       0x58 Startup\__arm_end.o
 .debug_info    0x00002a40      0x57d Startup\kinetis_sysinit.o
 .debug_info    0x00002fbd      0x335 Libraries\FEHMotor.o
 .debug_info    0x000032f2      0x250 Drivers\i2c.o
 .debug_info    0x00003542      0x6cf Drivers\spi.o
 .debug_info    0x00003c11      0x59c Drivers\uart.o
 .debug_info    0x000041ad     0x1da0 Drivers\ff.o
 .debug_info    0x00005f4d      0xf1d Drivers\SDHC.o
 .debug_info    0x00006e6a      0x2de Drivers\lptmr.o
 .debug_info    0x00007148      0x1a7 FEHProteus.o
 .debug_info    0x000072ef      0x722 Drivers\FEHPropeller.o
 .debug_info    0x00007a11      0x36c Libraries\FEHUtility.o
 .debug_info    0x00007d7d     0x1c6a Libraries\FEHIO.o
 .debug_info    0x000099e7      0x4ab Drivers\adc16.o
 .debug_info    0x00009e92      0xa42 Libraries\FEHBuzzer.o
 .debug_info    0x0000a8d4     0x1500 Libraries\FEHServo.o
 .debug_info    0x0000bdd4     0x2c25 Libraries\FEHLCD.o
 .debug_info    0x0000e9f9      0x26a Libraries\FEHAccel.o
 .debug_info    0x0000ec63      0x3a9 Libraries\FEHBattery.o
 .debug_info    0x0000f00c      0xac3 Drivers\FEHXBee.o
 .debug_info    0x0000facf     0x1b23 Libraries\FEHRPS.o
 .debug_info    0x000115f2     0x16c8 Libraries\FEHSD.o
 .debug_info    0x00012cba      0x11f C:\fehqt\Proteus/EWL/lib/armv7e-m\libc.a(sprintf.o)
 .debug_info    0x00012dd9      0x206 C:\fehqt\Proteus/EWL/lib/armv7e-m\libc.a(vsnprintf.o)
 .debug_info    0x00012fdf      0x103 C:\fehqt\Proteus/EWL/lib/armv7e-m\libc.a(exit.o)
 .debug_info    0x000130e2      0x113 C:\fehqt\Proteus/EWL/lib/armv7e-m\libc.a(memcpy.o)
 .debug_info    0x000131f5       0xf4 C:\fehqt\Proteus/EWL/lib/armv7e-m\libc.a(memset.o)
 .debug_info    0x000132e9      0x10a C:\fehqt\Proteus/EWL/lib/armv7e-m\libc.a(strcpy.o)
 .debug_info    0x000133f3       0xf3 C:\fehqt\Proteus/EWL/lib/armv7e-m\libc.a(strlen.o)
 .debug_info    0x000134e6      0x512 C:\fehqt\Proteus/EWL/lib/armv7e-m\libc.a(printformat_.o)
 .debug_info    0x000139f8      0x564 C:\fehqt\Proteus/EWL/lib/armv7e-m\libc.a(scanformat_.o)
 .debug_info    0x00013f5c      0x32a C:\fehqt\Proteus/EWL/lib/armv7e-m\libc.a(ctype_aeabi.o)
 .debug_info    0x00014286      0x1d7 C:\fehqt\Proteus/EWL/lib/armv7e-m\libc.a(__strtoul.o)
 .debug_info    0x0001445d      0x13d C:\fehqt\Proteus/EWL/lib/armv7e-m\libc.a(__filll_mem.o)
 .debug_info    0x0001459a      0x129 C:\fehqt\Proteus/EWL/lib/armv7e-m\libc.a(memchr.o)
 .debug_info    0x000146c3      0x110 C:\fehqt\Proteus/EWL/lib/armv7e-m\libc.a(strchr.o)
 .debug_info    0x000147d3      0x1c0 C:\fehqt\Proteus/EWL/lib/armv7e-m\librt.a(gcc_ctor_dtor.o)
 .debug_info    0x00014993      0x1b8 C:\fehqt\Proteus/EWL/lib/armv7e-m\librt.a(ROMCopy.o)
 .debug_info    0x00014b4b      0x2d2 C:\fehqt\Proteus/EWL/lib/armv7e-m\librt.a(__arm_eabi_init.o)

.debug_abbrev   0x00000000     0x3ec8
 .debug_abbrev  0x00000000      0x349 ..\main.o
 .debug_abbrev  0x00000349      0x28f Startup\__arm_start.o
 .debug_abbrev  0x000005d8       0x45 Startup\__arm_end.o
 .debug_abbrev  0x0000061d      0x18a Startup\kinetis_sysinit.o
 .debug_abbrev  0x000007a7      0x18c Libraries\FEHMotor.o
 .debug_abbrev  0x00000933       0xfc Drivers\i2c.o
 .debug_abbrev  0x00000a2f      0x18b Drivers\spi.o
 .debug_abbrev  0x00000bba      0x15f Drivers\uart.o
 .debug_abbrev  0x00000d19      0x18f Drivers\ff.o
 .debug_abbrev  0x00000ea8      0x223 Drivers\SDHC.o
 .debug_abbrev  0x000010cb       0xd2 Drivers\lptmr.o
 .debug_abbrev  0x0000119d      0x101 FEHProteus.o
 .debug_abbrev  0x0000129e      0x1c6 Drivers\FEHPropeller.o
 .debug_abbrev  0x00001464      0x154 Libraries\FEHUtility.o
 .debug_abbrev  0x000015b8      0x448 Libraries\FEHIO.o
 .debug_abbrev  0x00001a00      0x12a Drivers\adc16.o
 .debug_abbrev  0x00001b2a      0x1da Libraries\FEHBuzzer.o
 .debug_abbrev  0x00001d04      0x312 Libraries\FEHServo.o
 .debug_abbrev  0x00002016      0x38c Libraries\FEHLCD.o
 .debug_abbrev  0x000023a2      0x13b Libraries\FEHAccel.o
 .debug_abbrev  0x000024dd      0x1cb Libraries\FEHBattery.o
 .debug_abbrev  0x000026a8      0x231 Drivers\FEHXBee.o
 .debug_abbrev  0x000028d9      0x38c Libraries\FEHRPS.o
 .debug_abbrev  0x00002c65      0x357 Libraries\FEHSD.o
 .debug_abbrev  0x00002fbc       0xb5 C:\fehqt\Proteus/EWL/lib/armv7e-m\libc.a(sprintf.o)
 .debug_abbrev  0x00003071       0xf4 C:\fehqt\Proteus/EWL/lib/armv7e-m\libc.a(vsnprintf.o)
 .debug_abbrev  0x00003165       0x8f C:\fehqt\Proteus/EWL/lib/armv7e-m\libc.a(exit.o)
 .debug_abbrev  0x000031f4       0x97 C:\fehqt\Proteus/EWL/lib/armv7e-m\libc.a(memcpy.o)
 .debug_abbrev  0x0000328b       0x66 C:\fehqt\Proteus/EWL/lib/armv7e-m\libc.a(memset.o)
 .debug_abbrev  0x000032f1       0x7c C:\fehqt\Proteus/EWL/lib/armv7e-m\libc.a(strcpy.o)
 .debug_abbrev  0x0000336d       0x7e C:\fehqt\Proteus/EWL/lib/armv7e-m\libc.a(strlen.o)
 .debug_abbrev  0x000033eb      0x204 C:\fehqt\Proteus/EWL/lib/armv7e-m\libc.a(printformat_.o)
 .debug_abbrev  0x000035ef      0x1fb C:\fehqt\Proteus/EWL/lib/armv7e-m\libc.a(scanformat_.o)
 .debug_abbrev  0x000037ea       0x9a C:\fehqt\Proteus/EWL/lib/armv7e-m\libc.a(ctype_aeabi.o)
 .debug_abbrev  0x00003884       0xc6 C:\fehqt\Proteus/EWL/lib/armv7e-m\libc.a(__strtoul.o)
 .debug_abbrev  0x0000394a       0x8b C:\fehqt\Proteus/EWL/lib/armv7e-m\libc.a(__filll_mem.o)
 .debug_abbrev  0x000039d5       0x99 C:\fehqt\Proteus/EWL/lib/armv7e-m\libc.a(memchr.o)
 .debug_abbrev  0x00003a6e       0x8d C:\fehqt\Proteus/EWL/lib/armv7e-m\libc.a(strchr.o)
 .debug_abbrev  0x00003afb       0x9d C:\fehqt\Proteus/EWL/lib/armv7e-m\librt.a(gcc_ctor_dtor.o)
 .debug_abbrev  0x00003b98      0x160 C:\fehqt\Proteus/EWL/lib/armv7e-m\librt.a(ROMCopy.o)
 .debug_abbrev  0x00003cf8      0x1d0 C:\fehqt\Proteus/EWL/lib/armv7e-m\librt.a(__arm_eabi_init.o)

.debug_loc      0x00000000     0x67a4
 .debug_loc     0x00000000      0x202 ..\main.o
 .debug_loc     0x00000202       0xb0 Startup\__arm_start.o
 .debug_loc     0x000002b2       0x38 Startup\__arm_end.o
 .debug_loc     0x000002ea       0x84 Startup\kinetis_sysinit.o
 .debug_loc     0x0000036e       0xe0 Libraries\FEHMotor.o
 .debug_loc     0x0000044e       0xe0 Drivers\i2c.o
 .debug_loc     0x0000052e      0x19c Drivers\spi.o
 .debug_loc     0x000006ca       0xe0 Drivers\uart.o
 .debug_loc     0x000007aa      0xa96 Drivers\ff.o
 .debug_loc     0x00001240      0x370 Drivers\SDHC.o
 .debug_loc     0x000015b0       0x38 Drivers\lptmr.o
 .debug_loc     0x000015e8       0x64 FEHProteus.o
 .debug_loc     0x0000164c      0x118 Drivers\FEHPropeller.o
 .debug_loc     0x00001764      0x1a8 Libraries\FEHUtility.o
 .debug_loc     0x0000190c      0x8d6 Libraries\FEHIO.o
 .debug_loc     0x000021e2       0xa8 Drivers\adc16.o
 .debug_loc     0x0000228a      0x304 Libraries\FEHBuzzer.o
 .debug_loc     0x0000258e      0x1fa Libraries\FEHServo.o
 .debug_loc     0x00002788     0x1147 Libraries\FEHLCD.o
 .debug_loc     0x000038cf      0x144 Libraries\FEHAccel.o
 .debug_loc     0x00003a13       0xd4 Libraries\FEHBattery.o
 .debug_loc     0x00003ae7      0x1c0 Drivers\FEHXBee.o
 .debug_loc     0x00003ca7      0x3e8 Libraries\FEHRPS.o
 .debug_loc     0x0000408f      0x24a Libraries\FEHSD.o
 .debug_loc     0x000042d9       0x3f C:\fehqt\Proteus/EWL/lib/armv7e-m\libc.a(sprintf.o)
 .debug_loc     0x00004318      0x105 C:\fehqt\Proteus/EWL/lib/armv7e-m\libc.a(vsnprintf.o)
 .debug_loc     0x0000441d       0x3e C:\fehqt\Proteus/EWL/lib/armv7e-m\libc.a(exit.o)
 .debug_loc     0x0000445b       0x46 C:\fehqt\Proteus/EWL/lib/armv7e-m\libc.a(memcpy.o)
 .debug_loc     0x000044a1       0x64 C:\fehqt\Proteus/EWL/lib/armv7e-m\libc.a(memset.o)
 .debug_loc     0x00004505       0x20 C:\fehqt\Proteus/EWL/lib/armv7e-m\libc.a(strcpy.o)
 .debug_loc     0x00004525       0x31 C:\fehqt\Proteus/EWL/lib/armv7e-m\libc.a(strlen.o)
 .debug_loc     0x00004556     0x106f C:\fehqt\Proteus/EWL/lib/armv7e-m\libc.a(printformat_.o)
 .debug_loc     0x000055c5      0x8cb C:\fehqt\Proteus/EWL/lib/armv7e-m\libc.a(scanformat_.o)
 .debug_loc     0x00005e90      0x18e C:\fehqt\Proteus/EWL/lib/armv7e-m\libc.a(ctype_aeabi.o)
 .debug_loc     0x0000601e      0x2ad C:\fehqt\Proteus/EWL/lib/armv7e-m\libc.a(__strtoul.o)
 .debug_loc     0x000062cb      0x12c C:\fehqt\Proteus/EWL/lib/armv7e-m\libc.a(__filll_mem.o)
 .debug_loc     0x000063f7       0x82 C:\fehqt\Proteus/EWL/lib/armv7e-m\libc.a(memchr.o)
 .debug_loc     0x00006479       0x78 C:\fehqt\Proteus/EWL/lib/armv7e-m\libc.a(strchr.o)
 .debug_loc     0x000064f1       0xbe C:\fehqt\Proteus/EWL/lib/armv7e-m\librt.a(gcc_ctor_dtor.o)
 .debug_loc     0x000065af       0x9b C:\fehqt\Proteus/EWL/lib/armv7e-m\librt.a(ROMCopy.o)
 .debug_loc     0x0000664a      0x15a C:\fehqt\Proteus/EWL/lib/armv7e-m\librt.a(__arm_eabi_init.o)

.debug_aranges  0x00000000      0xee8
 .debug_aranges
                0x00000000       0x68 ..\main.o
 .debug_aranges
                0x00000068       0x48 Startup\__arm_start.o
 .debug_aranges
                0x000000b0       0x20 Startup\__arm_end.o
 .debug_aranges
                0x000000d0       0x30 Startup\kinetis_sysinit.o
 .debug_aranges
                0x00000100       0x38 Libraries\FEHMotor.o
 .debug_aranges
                0x00000138       0x38 Drivers\i2c.o
 .debug_aranges
                0x00000170       0x58 Drivers\spi.o
 .debug_aranges
                0x000001c8       0x38 Drivers\uart.o
 .debug_aranges
                0x00000200      0x198 Drivers\ff.o
 .debug_aranges
                0x00000398       0x98 Drivers\SDHC.o
 .debug_aranges
                0x00000430       0x20 Drivers\lptmr.o
 .debug_aranges
                0x00000450       0x28 FEHProteus.o
 .debug_aranges
                0x00000478       0x40 Drivers\FEHPropeller.o
 .debug_aranges
                0x000004b8       0x58 Libraries\FEHUtility.o
 .debug_aranges
                0x00000510      0x160 Libraries\FEHIO.o
 .debug_aranges
                0x00000670       0x30 Drivers\adc16.o
 .debug_aranges
                0x000006a0       0x88 Libraries\FEHBuzzer.o
 .debug_aranges
                0x00000728       0x60 Libraries\FEHServo.o
 .debug_aranges
                0x00000788      0x290 Libraries\FEHLCD.o
 .debug_aranges
                0x00000a18       0x48 Libraries\FEHAccel.o
 .debug_aranges
                0x00000a60       0x38 Libraries\FEHBattery.o
 .debug_aranges
                0x00000a98       0x58 Drivers\FEHXBee.o
 .debug_aranges
                0x00000af0       0xa8 Libraries\FEHRPS.o
 .debug_aranges
                0x00000b98       0x68 Libraries\FEHSD.o
 .debug_aranges
                0x00000c00       0x20 C:\fehqt\Proteus/EWL/lib/armv7e-m\libc.a(sprintf.o)
 .debug_aranges
                0x00000c20       0x28 C:\fehqt\Proteus/EWL/lib/armv7e-m\libc.a(vsnprintf.o)
 .debug_aranges
                0x00000c48       0x20 C:\fehqt\Proteus/EWL/lib/armv7e-m\libc.a(exit.o)
 .debug_aranges
                0x00000c68       0x20 C:\fehqt\Proteus/EWL/lib/armv7e-m\libc.a(memcpy.o)
 .debug_aranges
                0x00000c88       0x20 C:\fehqt\Proteus/EWL/lib/armv7e-m\libc.a(memset.o)
 .debug_aranges
                0x00000ca8       0x20 C:\fehqt\Proteus/EWL/lib/armv7e-m\libc.a(strcpy.o)
 .debug_aranges
                0x00000cc8       0x20 C:\fehqt\Proteus/EWL/lib/armv7e-m\libc.a(strlen.o)
 .debug_aranges
                0x00000ce8       0x28 C:\fehqt\Proteus/EWL/lib/armv7e-m\libc.a(printformat_.o)
 .debug_aranges
                0x00000d10       0x20 C:\fehqt\Proteus/EWL/lib/armv7e-m\libc.a(scanformat_.o)
 .debug_aranges
                0x00000d30       0x88 C:\fehqt\Proteus/EWL/lib/armv7e-m\libc.a(ctype_aeabi.o)
 .debug_aranges
                0x00000db8       0x20 C:\fehqt\Proteus/EWL/lib/armv7e-m\libc.a(__strtoul.o)
 .debug_aranges
                0x00000dd8       0x20 C:\fehqt\Proteus/EWL/lib/armv7e-m\libc.a(__filll_mem.o)
 .debug_aranges
                0x00000df8       0x20 C:\fehqt\Proteus/EWL/lib/armv7e-m\libc.a(memchr.o)
 .debug_aranges
                0x00000e18       0x20 C:\fehqt\Proteus/EWL/lib/armv7e-m\libc.a(strchr.o)
 .debug_aranges
                0x00000e38       0x28 C:\fehqt\Proteus/EWL/lib/armv7e-m\librt.a(gcc_ctor_dtor.o)
 .debug_aranges
                0x00000e60       0x30 C:\fehqt\Proteus/EWL/lib/armv7e-m\librt.a(ROMCopy.o)
 .debug_aranges
                0x00000e90       0x58 C:\fehqt\Proteus/EWL/lib/armv7e-m\librt.a(__arm_eabi_init.o)

.debug_line     0x00000000     0x7ddb
 .debug_line    0x00000000      0x4ff ..\main.o
 .debug_line    0x000004ff      0x3ad Startup\__arm_start.o
 .debug_line    0x000008ac      0x21a Startup\__arm_end.o
 .debug_line    0x00000ac6      0x283 Startup\kinetis_sysinit.o
 .debug_line    0x00000d49      0x237 Libraries\FEHMotor.o
 .debug_line    0x00000f80      0x2ad Drivers\i2c.o
 .debug_line    0x0000122d      0x295 Drivers\spi.o
 .debug_line    0x000014c2      0x212 Drivers\uart.o
 .debug_line    0x000016d4     0x1114 Drivers\ff.o
 .debug_line    0x000027e8      0x678 Drivers\SDHC.o
 .debug_line    0x00002e60      0x1c0 Drivers\lptmr.o
 .debug_line    0x00003020      0x1da FEHProteus.o
 .debug_line    0x000031fa      0x264 Drivers\FEHPropeller.o
 .debug_line    0x0000345e      0x282 Libraries\FEHUtility.o
 .debug_line    0x000036e0      0x6ee Libraries\FEHIO.o
 .debug_line    0x00003dce      0x20f Drivers\adc16.o
 .debug_line    0x00003fdd      0x2df Libraries\FEHBuzzer.o
 .debug_line    0x000042bc      0x545 Libraries\FEHServo.o
 .debug_line    0x00004801     0x1151 Libraries\FEHLCD.o
 .debug_line    0x00005952      0x23f Libraries\FEHAccel.o
 .debug_line    0x00005b91      0x218 Libraries\FEHBattery.o
 .debug_line    0x00005da9      0x349 Drivers\FEHXBee.o
 .debug_line    0x000060f2      0x746 Libraries\FEHRPS.o
 .debug_line    0x00006838      0x3fa Libraries\FEHSD.o
 .debug_line    0x00006c32       0x94 C:\fehqt\Proteus/EWL/lib/armv7e-m\libc.a(sprintf.o)
 .debug_line    0x00006cc6       0xd2 C:\fehqt\Proteus/EWL/lib/armv7e-m\libc.a(vsnprintf.o)
 .debug_line    0x00006d98       0x94 C:\fehqt\Proteus/EWL/lib/armv7e-m\libc.a(exit.o)
 .debug_line    0x00006e2c       0x8d C:\fehqt\Proteus/EWL/lib/armv7e-m\libc.a(memcpy.o)
 .debug_line    0x00006eb9       0x8f C:\fehqt\Proteus/EWL/lib/armv7e-m\libc.a(memset.o)
 .debug_line    0x00006f48       0x8e C:\fehqt\Proteus/EWL/lib/armv7e-m\libc.a(strcpy.o)
 .debug_line    0x00006fd6       0x89 C:\fehqt\Proteus/EWL/lib/armv7e-m\libc.a(strlen.o)
 .debug_line    0x0000705f      0x2c6 C:\fehqt\Proteus/EWL/lib/armv7e-m\libc.a(printformat_.o)
 .debug_line    0x00007325      0x2e3 C:\fehqt\Proteus/EWL/lib/armv7e-m\libc.a(scanformat_.o)
 .debug_line    0x00007608      0x1dd C:\fehqt\Proteus/EWL/lib/armv7e-m\libc.a(ctype_aeabi.o)
 .debug_line    0x000077e5      0x141 C:\fehqt\Proteus/EWL/lib/armv7e-m\libc.a(__strtoul.o)
 .debug_line    0x00007926      0x121 C:\fehqt\Proteus/EWL/lib/armv7e-m\libc.a(__filll_mem.o)
 .debug_line    0x00007a47       0xa3 C:\fehqt\Proteus/EWL/lib/armv7e-m\libc.a(memchr.o)
 .debug_line    0x00007aea       0x84 C:\fehqt\Proteus/EWL/lib/armv7e-m\libc.a(strchr.o)
 .debug_line    0x00007b6e       0x94 C:\fehqt\Proteus/EWL/lib/armv7e-m\librt.a(gcc_ctor_dtor.o)
 .debug_line    0x00007c02       0xc0 C:\fehqt\Proteus/EWL/lib/armv7e-m\librt.a(ROMCopy.o)
 .debug_line    0x00007cc2      0x119 C:\fehqt\Proteus/EWL/lib/armv7e-m\librt.a(__arm_eabi_init.o)

.debug_macinfo  0x00000000   0x89d19f
 .debug_macinfo
                0x00000000    0x66135 ..\main.o
 .debug_macinfo
                0x00066135    0x647fb Startup\__arm_start.o
 .debug_macinfo
                0x000ca930     0x3464 Startup\__arm_end.o
 .debug_macinfo
                0x000cdd94    0x64cce Startup\kinetis_sysinit.o
 .debug_macinfo
                0x00132a62    0x6305c Libraries\FEHMotor.o
 .debug_macinfo
                0x00195abe    0x6318f Drivers\i2c.o
 .debug_macinfo
                0x001f8c4d    0x62fd6 Drivers\spi.o
 .debug_macinfo
                0x0025bc23    0x62fc7 Drivers\uart.o
 .debug_macinfo
                0x002bebea     0x4396 Drivers\ff.o
 .debug_macinfo
                0x002c2f80    0x6452b Drivers\SDHC.o
 .debug_macinfo
                0x003274ab    0x63036 Drivers\lptmr.o
 .debug_macinfo
                0x0038a4e1    0x62fdc FEHProteus.o
 .debug_macinfo
                0x003ed4bd    0x63085 Drivers\FEHPropeller.o
 .debug_macinfo
                0x00450542    0x62ff1 Libraries\FEHUtility.o
 .debug_macinfo
                0x004b3533    0x64348 Libraries\FEHIO.o
 .debug_macinfo
                0x0051787b    0x63678 Drivers\adc16.o
 .debug_macinfo
                0x0057aef3    0x6301e Libraries\FEHBuzzer.o
 .debug_macinfo
                0x005ddf11    0x64476 Libraries\FEHServo.o
 .debug_macinfo
                0x00642387    0x649ab Libraries\FEHLCD.o
 .debug_macinfo
                0x006a6d32    0x631be Libraries\FEHAccel.o
 .debug_macinfo
                0x00709ef0    0x636a3 Libraries\FEHBattery.o
 .debug_macinfo
                0x0076d593    0x63d5d Drivers\FEHXBee.o
 .debug_macinfo
                0x007d12f0    0x66196 Libraries\FEHRPS.o
 .debug_macinfo
                0x00837486    0x65d19 Libraries\FEHSD.o

.debug_str      0x00000000     0x4f11
 .debug_str     0x00000000     0x1502 ..\main.o
                               0x15e7 (size before relaxing)
 .debug_str     0x00001502      0x393 Startup\__arm_start.o
                                0xe85 (size before relaxing)
 .debug_str     0x00001895       0x23 Startup\__arm_end.o
                                 0xd9 (size before relaxing)
 .debug_str     0x000018b8      0x1d6 Startup\kinetis_sysinit.o
                                0x384 (size before relaxing)
 .debug_str     0x00001a8e       0x2f Libraries\FEHMotor.o
                                0x2f7 (size before relaxing)
 .debug_str     0x00001abd      0x11a Drivers\i2c.o
                                0x220 (size before relaxing)
 .debug_str     0x00001bd7      0x18b Drivers\spi.o
                                0x3d9 (size before relaxing)
 .debug_str     0x00001d62      0x188 Drivers\uart.o
                                0x36e (size before relaxing)
 .debug_str     0x00001eea      0x6b5 Drivers\ff.o
                                0x871 (size before relaxing)
 .debug_str     0x0000259f      0x546 Drivers\SDHC.o
                                0x847 (size before relaxing)
 .debug_str     0x00002ae5       0x5a Drivers\lptmr.o
                                0x227 (size before relaxing)
 .debug_str     0x00002b3f       0x28 FEHProteus.o
                                0x273 (size before relaxing)
 .debug_str     0x00002b67       0x19 Drivers\FEHPropeller.o
                                0x3b4 (size before relaxing)
 .debug_str     0x00002b80       0xc0 Libraries\FEHUtility.o
                                0x1f8 (size before relaxing)
 .debug_str     0x00002c40      0xd51 Libraries\FEHIO.o
                               0x12c9 (size before relaxing)
 .debug_str     0x00003991       0xd7 Drivers\adc16.o
                                0x2b8 (size before relaxing)
 .debug_str     0x00003a68      0x1ba Libraries\FEHBuzzer.o
                                0x3ca (size before relaxing)
 .debug_str     0x00003c22      0x24c Libraries\FEHServo.o
                               0x112a (size before relaxing)
 .debug_str     0x00003e6e      0x2c3 Libraries\FEHLCD.o
                               0x112b (size before relaxing)
 .debug_str     0x00004131       0x68 Libraries\FEHAccel.o
                                0x1bc (size before relaxing)
 .debug_str     0x00004199       0x5d Libraries\FEHBattery.o
                                0x37d (size before relaxing)
 .debug_str     0x000041f6       0xfd Drivers\FEHXBee.o
                                0x563 (size before relaxing)
 .debug_str     0x000042f3      0x23e Libraries\FEHRPS.o
                               0x1613 (size before relaxing)
 .debug_str     0x00004531       0x9c Libraries\FEHSD.o
                               0x1184 (size before relaxing)
 .debug_str     0x000045cd       0x88 C:\fehqt\Proteus/EWL/lib/armv7e-m\libc.a(sprintf.o)
                                0x15a (size before relaxing)
 .debug_str     0x00004655       0x83 C:\fehqt\Proteus/EWL/lib/armv7e-m\libc.a(vsnprintf.o)
                                0x1c3 (size before relaxing)
 .debug_str     0x000046d8       0x2e C:\fehqt\Proteus/EWL/lib/armv7e-m\libc.a(exit.o)
                                0x14e (size before relaxing)
 .debug_str     0x00004706       0x1c C:\fehqt\Proteus/EWL/lib/armv7e-m\libc.a(memcpy.o)
                                0x138 (size before relaxing)
 .debug_str     0x00004722       0x1c C:\fehqt\Proteus/EWL/lib/armv7e-m\libc.a(memset.o)
                                0x140 (size before relaxing)
 .debug_str     0x0000473e       0x24 C:\fehqt\Proteus/EWL/lib/armv7e-m\libc.a(strcpy.o)
                                0x139 (size before relaxing)
 .debug_str     0x00004762       0x1c C:\fehqt\Proteus/EWL/lib/armv7e-m\libc.a(strlen.o)
                                0x140 (size before relaxing)
 .debug_str     0x0000477e      0x21a C:\fehqt\Proteus/EWL/lib/armv7e-m\libc.a(printformat_.o)
                                0x3aa (size before relaxing)
 .debug_str     0x00004998      0x17b C:\fehqt\Proteus/EWL/lib/armv7e-m\libc.a(scanformat_.o)
                                0x3f0 (size before relaxing)
 .debug_str     0x00004b13       0x9d C:\fehqt\Proteus/EWL/lib/armv7e-m\libc.a(ctype_aeabi.o)
                                0x1b3 (size before relaxing)
 .debug_str     0x00004bb0       0x55 C:\fehqt\Proteus/EWL/lib/armv7e-m\libc.a(__strtoul.o)
                                0x1f2 (size before relaxing)
 .debug_str     0x00004c05       0x25 C:\fehqt\Proteus/EWL/lib/armv7e-m\libc.a(__filll_mem.o)
                                0x152 (size before relaxing)
 .debug_str     0x00004c2a       0x1c C:\fehqt\Proteus/EWL/lib/armv7e-m\libc.a(memchr.o)
                                0x148 (size before relaxing)
 .debug_str     0x00004c46       0x1c C:\fehqt\Proteus/EWL/lib/armv7e-m\libc.a(strchr.o)
                                0x137 (size before relaxing)
 .debug_str     0x00004c62      0x126 C:\fehqt\Proteus/EWL/lib/armv7e-m\librt.a(gcc_ctor_dtor.o)
                                0x185 (size before relaxing)
 .debug_str     0x00004d88       0x96 C:\fehqt\Proteus/EWL/lib/armv7e-m\librt.a(ROMCopy.o)
                                0x140 (size before relaxing)
 .debug_str     0x00004e1e       0xf3 C:\fehqt\Proteus/EWL/lib/armv7e-m\librt.a(__arm_eabi_init.o)
                                0x1ac (size before relaxing)

.comment        0x00000000       0x79
 .comment       0x00000000       0x79 ..\main.o
                                 0x7a (size before relaxing)
 .comment       0x00000000       0x7a Startup\__arm_start.o
 .comment       0x00000000       0x7a Startup\__arm_end.o
 .comment       0x00000000       0x7a Startup\kinetis_sysinit.o
 .comment       0x00000000       0x7a Libraries\FEHMotor.o
 .comment       0x00000000       0x7a Drivers\i2c.o
 .comment       0x00000000       0x7a Drivers\spi.o
 .comment       0x00000000       0x7a Drivers\uart.o
 .comment       0x00000000       0x7a Drivers\ff.o
 .comment       0x00000000       0x7a Drivers\SDHC.o
 .comment       0x00000000       0x7a Drivers\lptmr.o
 .comment       0x00000000       0x7a FEHProteus.o
 .comment       0x00000000       0x7a Drivers\FEHPropeller.o
 .comment       0x00000000       0x7a Libraries\FEHUtility.o
 .comment       0x00000000       0x7a Libraries\FEHIO.o
 .comment       0x00000000       0x7a Drivers\adc16.o
 .comment       0x00000000       0x7a Libraries\FEHBuzzer.o
 .comment       0x00000000       0x7a Libraries\FEHServo.o
 .comment       0x00000000       0x7a Libraries\FEHLCD.o
 .comment       0x00000000       0x7a Libraries\FEHAccel.o
 .comment       0x00000000       0x7a Libraries\FEHBattery.o
 .comment       0x00000000       0x7a Drivers\FEHXBee.o
 .comment       0x00000000       0x7a Libraries\FEHRPS.o
 .comment       0x00000000       0x7a Libraries\FEHSD.o
 .comment       0x00000000       0x7a C:\fehqt\Proteus/EWL/lib/armv7e-m\libc.a(sprintf.o)
 .comment       0x00000000       0x7a C:\fehqt\Proteus/EWL/lib/armv7e-m\libc.a(vsnprintf.o)
 .comment       0x00000000       0x7a C:\fehqt\Proteus/EWL/lib/armv7e-m\libc.a(exit.o)
 .comment       0x00000000       0x7a C:\fehqt\Proteus/EWL/lib/armv7e-m\libc.a(memcpy.o)
 .comment       0x00000000       0x7a C:\fehqt\Proteus/EWL/lib/armv7e-m\libc.a(memset.o)
 .comment       0x00000000       0x7a C:\fehqt\Proteus/EWL/lib/armv7e-m\libc.a(strcpy.o)
 .comment       0x00000000       0x7a C:\fehqt\Proteus/EWL/lib/armv7e-m\libc.a(strlen.o)
 .comment       0x00000000       0x7a C:\fehqt\Proteus/EWL/lib/armv7e-m\libc.a(printformat_.o)
 .comment       0x00000000       0x7a C:\fehqt\Proteus/EWL/lib/armv7e-m\libc.a(scanformat_.o)
 .comment       0x00000000       0x7a C:\fehqt\Proteus/EWL/lib/armv7e-m\libc.a(ctype_aeabi.o)
 .comment       0x00000000       0x7a C:\fehqt\Proteus/EWL/lib/armv7e-m\libc.a(__strtoul.o)
 .comment       0x00000000       0x7a C:\fehqt\Proteus/EWL/lib/armv7e-m\libc.a(__filll_mem.o)
 .comment       0x00000000       0x7a C:\fehqt\Proteus/EWL/lib/armv7e-m\libc.a(memchr.o)
 .comment       0x00000000       0x7a C:\fehqt\Proteus/EWL/lib/armv7e-m\libc.a(strchr.o)
 .comment       0x00000000       0x7a C:\fehqt\Proteus/EWL/lib/armv7e-m\librt.a(gcc_ctor_dtor.o)
 .comment       0x00000000       0x7a C:\fehqt\Proteus/EWL/lib/armv7e-m\librt.a(ROMCopy.o)
 .comment       0x00000000       0x7a C:\fehqt\Proteus/EWL/lib/armv7e-m\librt.a(__arm_eabi_init.o)

.debug_frame    0x00000000     0x2b9c
 .debug_frame   0x00000000      0x148 ..\main.o
 .debug_frame   0x00000148       0x98 Startup\__arm_start.o
 .debug_frame   0x000001e0       0x2c Startup\__arm_end.o
 .debug_frame   0x0000020c       0x5c Startup\kinetis_sysinit.o
 .debug_frame   0x00000268       0x94 Libraries\FEHMotor.o
 .debug_frame   0x000002fc       0x88 Drivers\i2c.o
 .debug_frame   0x00000384       0xf8 Drivers\spi.o
 .debug_frame   0x0000047c       0x84 Drivers\uart.o
 .debug_frame   0x00000500      0x5e8 Drivers\ff.o
 .debug_frame   0x00000ae8      0x1e8 Drivers\SDHC.o
 .debug_frame   0x00000cd0       0x2c Drivers\lptmr.o
 .debug_frame   0x00000cfc       0x4c FEHProteus.o
 .debug_frame   0x00000d48       0xa8 Drivers\FEHPropeller.o
 .debug_frame   0x00000df0       0xf8 Libraries\FEHUtility.o
 .debug_frame   0x00000ee8      0x4e8 Libraries\FEHIO.o
 .debug_frame   0x000013d0       0x64 Drivers\adc16.o
 .debug_frame   0x00001434      0x1c8 Libraries\FEHBuzzer.o
 .debug_frame   0x000015fc      0x12c Libraries\FEHServo.o
 .debug_frame   0x00001728      0x9c0 Libraries\FEHLCD.o
 .debug_frame   0x000020e8       0xd8 Libraries\FEHAccel.o
 .debug_frame   0x000021c0       0x8c Libraries\FEHBattery.o
 .debug_frame   0x0000224c       0xfc Drivers\FEHXBee.o
 .debug_frame   0x00002348      0x230 Libraries\FEHRPS.o
 .debug_frame   0x00002578      0x168 Libraries\FEHSD.o
 .debug_frame   0x000026e0       0x34 C:\fehqt\Proteus/EWL/lib/armv7e-m\libc.a(sprintf.o)
 .debug_frame   0x00002714       0x4c C:\fehqt\Proteus/EWL/lib/armv7e-m\libc.a(vsnprintf.o)
 .debug_frame   0x00002760       0x28 C:\fehqt\Proteus/EWL/lib/armv7e-m\libc.a(exit.o)
 .debug_frame   0x00002788       0x28 C:\fehqt\Proteus/EWL/lib/armv7e-m\libc.a(memcpy.o)
 .debug_frame   0x000027b0       0x28 C:\fehqt\Proteus/EWL/lib/armv7e-m\libc.a(memset.o)
 .debug_frame   0x000027d8       0x28 C:\fehqt\Proteus/EWL/lib/armv7e-m\libc.a(strcpy.o)
 .debug_frame   0x00002800       0x20 C:\fehqt\Proteus/EWL/lib/armv7e-m\libc.a(strlen.o)
 .debug_frame   0x00002820       0x64 C:\fehqt\Proteus/EWL/lib/armv7e-m\libc.a(printformat_.o)
 .debug_frame   0x00002884       0x3c C:\fehqt\Proteus/EWL/lib/armv7e-m\libc.a(scanformat_.o)
 .debug_frame   0x000028c0       0xf0 C:\fehqt\Proteus/EWL/lib/armv7e-m\libc.a(ctype_aeabi.o)
 .debug_frame   0x000029b0       0x3c C:\fehqt\Proteus/EWL/lib/armv7e-m\libc.a(__strtoul.o)
 .debug_frame   0x000029ec       0x2c C:\fehqt\Proteus/EWL/lib/armv7e-m\libc.a(__filll_mem.o)
 .debug_frame   0x00002a18       0x28 C:\fehqt\Proteus/EWL/lib/armv7e-m\libc.a(memchr.o)
 .debug_frame   0x00002a40       0x20 C:\fehqt\Proteus/EWL/lib/armv7e-m\libc.a(strchr.o)
 .debug_frame   0x00002a60       0x48 C:\fehqt\Proteus/EWL/lib/armv7e-m\librt.a(gcc_ctor_dtor.o)
 .debug_frame   0x00002aa8       0x48 C:\fehqt\Proteus/EWL/lib/armv7e-m\librt.a(ROMCopy.o)
 .debug_frame   0x00002af0       0xac C:\fehqt\Proteus/EWL/lib/armv7e-m\librt.a(__arm_eabi_init.o)
